app/(tabs)/explore.tsx(19,8): error TS7053: Element implicitly has an 'any' type because expression of type 'string' can't be used to index type '{}'.
  No index signature with a parameter of type 'string' was found on type '{}'.
app/(tabs)/explore.tsx(19,27): error TS7053: Element implicitly has an 'any' type because expression of type 'string' can't be used to index type '{}'.
  No index signature with a parameter of type 'string' was found on type '{}'.
app/(tabs)/explore.tsx(20,8): error TS7053: Element implicitly has an 'any' type because expression of type 'string' can't be used to index type '{}'.
  No index signature with a parameter of type 'string' was found on type '{}'.
app/(tabs)/explore.tsx(20,48): error TS7053: Element implicitly has an 'any' type because expression of type 'string' can't be used to index type '{}'.
  No index signature with a parameter of type 'string' was found on type '{}'.
app/(tabs)/explore.tsx(40,27): error TS7053: Element implicitly has an 'any' type because expression of type 'string' can't be used to index type '{}'.
  No index signature with a parameter of type 'string' was found on type '{}'.
app/(tabs)/explore.tsx(123,20): error TS7006: Parameter 'item' implicitly has an 'any' type.
app/(tabs)/explore.tsx(143,16): error TS2741: Property 'color' is missing in type '{ name: "gear"; }' but required in type '{ name: SFSymbols7_0; size?: number | undefined; color: string | OpaqueColorValue; style?: StyleProp<TextStyle>; weight?: SymbolWeight | undefined; }'.
app/(tabs)/explore.tsx(161,97): error TS7006: Parameter 'val' implicitly has an 'any' type.
app/(tabs)/explore.tsx(162,97): error TS7006: Parameter 'val' implicitly has an 'any' type.
app/(tabs)/explore.tsx(163,94): error TS7006: Parameter 'val' implicitly has an 'any' type.
app/(tabs)/explore.tsx(166,100): error TS7006: Parameter 'val' implicitly has an 'any' type.
app/filter.tsx(14,8): error TS7053: Element implicitly has an 'any' type because expression of type 'string' can't be used to index type '{}'.
  No index signature with a parameter of type 'string' was found on type '{}'.
app/filter.tsx(14,27): error TS7053: Element implicitly has an 'any' type because expression of type 'string' can't be used to index type '{}'.
  No index signature with a parameter of type 'string' was found on type '{}'.
app/filter.tsx(15,8): error TS7053: Element implicitly has an 'any' type because expression of type 'string' can't be used to index type '{}'.
  No index signature with a parameter of type 'string' was found on type '{}'.
app/filter.tsx(16,5): error TS7053: Element implicitly has an 'any' type because expression of type 'string' can't be used to index type '{}'.
  No index signature with a parameter of type 'string' was found on type '{}'.
app/filter.tsx(31,82): error TS2339: Property 'split' does not exist on type 'string | string[]'.
  Property 'split' does not exist on type 'string[]'.
app/filter.tsx(33,66): error TS2339: Property 'split' does not exist on type 'string | string[]'.
  Property 'split' does not exist on type 'string[]'.
app/filter.tsx(36,21): error TS7053: Element implicitly has an 'any' type because expression of type 'string | string[]' can't be used to index type '{}'.
  No index signature with a parameter of type 'string' was found on type '{}'.
app/filter.tsx(36,37): error TS2538: Type 'string[]' cannot be used as an index type.
app/filter.tsx(41,21): error TS2339: Property 'date' does not exist on type '{}'.
app/filter.tsx(42,27): error TS2339: Property 'skillLevel' does not exist on type '{}'.
app/filter.tsx(43,25): error TS2339: Property 'gameType' does not exist on type '{}'.
app/filter.tsx(44,37): error TS2339: Property 'timeSlots' does not exist on type '{}'.
app/filter.tsx(45,23): error TS2339: Property 'region' does not exist on type '{}'.
app/filter.tsx(46,33): error TS2339: Property 'areas' does not exist on type '{}'.
app/filter.tsx(61,23): error TS7006: Parameter 'value' implicitly has an 'any' type.
app/filter.tsx(61,30): error TS7006: Parameter 'state' implicitly has an 'any' type.
app/filter.tsx(61,37): error TS7006: Parameter 'setState' implicitly has an 'any' type.
app/filter.tsx(69,28): error TS7006: Parameter 'value' implicitly has an 'any' type.
app/filter.tsx(69,35): error TS7006: Parameter 'state' implicitly has an 'any' type.
app/filter.tsx(69,42): error TS7006: Parameter 'setState' implicitly has an 'any' type.
app/filter.tsx(71,22): error TS7006: Parameter 'item' implicitly has an 'any' type.
app/filter.tsx(94,17): error TS2769: No overload matches this call.
  Overload 1 of 2, '(props: TextInputProps): TextInput', gave the following error.
    Type 'string | string[]' is not assignable to type 'string | undefined'.
      Type 'string[]' is not assignable to type 'string'.
  Overload 2 of 2, '(props: TextInputProps, context: any): TextInput', gave the following error.
    Type 'string | string[]' is not assignable to type 'string | undefined'.
      Type 'string[]' is not assignable to type 'string'.
app/filter.tsx(162,39): error TS7006: Parameter 'area' implicitly has an 'any' type.
app/game/[id].tsx(62,23): error TS2339: Property 'playersJoined' does not exist on type 'never'.
app/game/[id].tsx(63,25): error TS2339: Property 'waitlist' does not exist on type 'never'.
app/game/[id].tsx(64,36): error TS2339: Property 'slots' does not exist on type 'never'.
app/game/[id].tsx(66,33): error TS2339: Property 'price' does not exist on type 'never'.
app/game/[id].tsx(68,49): error TS2339: Property 'hostId' does not exist on type 'never'.
app/game/[id].tsx(69,43): error TS7006: Parameter 'player' implicitly has an 'any' type.
app/game/[id].tsx(72,47): error TS7006: Parameter 'player' implicitly has an 'any' type.
app/game/[id].tsx(80,12): error TS2339: Property 'gameTimestamp' does not exist on type 'never'.
app/game/[id].tsx(81,23): error TS2339: Property 'gameTimestamp' does not exist on type 'never'.
app/game/[id].tsx(82,19): error TS2339: Property 'gameTimestamp' does not exist on type 'never'.
app/game/[id].tsx(83,23): error TS2339: Property 'gameTimestamp' does not exist on type 'never'.
app/game/[id].tsx(84,19): error TS2339: Property 'gameTimestamp' does not exist on type 'never'.
app/game/[id].tsx(85,32): error TS2339: Property 'gameTimestamp' does not exist on type 'never'.
app/game/[id].tsx(95,72): error TS2339: Property 'id' does not exist on type 'never'.
app/game/[id].tsx(95,94): error TS2339: Property 'location' does not exist on type 'never'.
app/game/[id].tsx(95,118): error TS2339: Property 'dateString' does not exist on type 'never'.
app/game/[id].tsx(95,144): error TS2339: Property 'startTimeString' does not exist on type 'never'.
app/game/[id].tsx(95,170): error TS2339: Property 'endTimeString' does not exist on type 'never'.
app/game/[id].tsx(119,35): error TS2339: Property 'pendingRefunds' does not exist on type 'never'.
app/game/[id].tsx(158,45): error TS18047: 'auth.currentUser' is possibly 'null'.
app/game/[id].tsx(163,44): error TS18047: 'auth.currentUser' is possibly 'null'.
app/game/[id].tsx(165,41): error TS2532: Object is possibly 'undefined'.
app/game/[id].tsx(191,27): error TS2339: Property 'checkInPin' does not exist on type 'never'.
app/game/[id].tsx(194,34): error TS2339: Property 'playersJoined' does not exist on type 'never'.
app/game/[id].tsx(194,52): error TS7006: Parameter 'p' implicitly has an 'any' type.
app/game/[id].tsx(194,67): error TS18047: 'auth.currentUser' is possibly 'null'.
app/game/[id].tsx(204,41): error TS2339: Property 'checkInPin' does not exist on type 'never'.
app/game/[id].tsx(208,30): error TS2339: Property 'courts' does not exist on type 'never'.
app/game/[id].tsx(226,56): error TS2339: Property 'host' does not exist on type 'never'.
app/game/[id].tsx(230,83): error TS2339: Property 'location' does not exist on type 'never'.
app/game/[id].tsx(230,141): error TS2339: Property 'id' does not exist on type 'never'.
app/game/[id].tsx(232,112): error TS2339: Property 'dateString' does not exist on type 'never'.
app/game/[id].tsx(233,112): error TS2339: Property 'startTimeString' does not exist on type 'never'.
app/game/[id].tsx(233,137): error TS2339: Property 'endTimeString' does not exist on type 'never'.
app/game/[id].tsx(235,112): error TS2339: Property 'gameType' does not exist on type 'never'.
app/game/[id].tsx(238,140): error TS2339: Property 'level' does not exist on type 'never'.
app/game/[id].tsx(239,130): error TS2339: Property 'price' does not exist on type 'never'.
app/game/[id].tsx(247,49): error TS2339: Property 'checkInPin' does not exist on type 'never'.
app/game/[id].tsx(258,109): error TS7006: Parameter 'player' implicitly has an 'any' type.
app/game/[id].tsx(265,84): error TS2339: Property 'hostId' does not exist on type 'never'.
app/game/[id].tsx(272,128): error TS7006: Parameter 'player' implicitly has an 'any' type.
app/game/[id].tsx(272,136): error TS7006: Parameter 'index' implicitly has an 'any' type.
app/game/[id].tsx(284,175): error TS2339: Property 'price' does not exist on type 'never'.
app/host.tsx(64,15): error TS2345: Argument of type 'User | null' is not assignable to parameter of type 'SetStateAction<null>'.
  Type 'User' is not assignable to type 'SetStateAction<null>'.
    Type 'User' provides no match for the signature '(prevState: null): null'.
app/host.tsx(72,42): error TS2345: Argument of type 'string | string[]' is not assignable to parameter of type 'string'.
  Type 'string[]' is not assignable to type 'string'.
app/host.tsx(103,35): error TS7006: Parameter 'text' implicitly has an 'any' type.
app/host.tsx(109,18): error TS2322: Type 'string' is not assignable to type 'never'.
app/host.tsx(109,29): error TS2322: Type 'string' is not assignable to type 'never'.
app/host.tsx(113,30): error TS7006: Parameter 'indexToRemove' implicitly has an 'any' type.
app/host.tsx(135,34): error TS7006: Parameter 'newDate' implicitly has an 'any' type.
app/host.tsx(198,66): error TS2339: Property 'area' does not exist on type 'never'.
app/host.tsx(199,68): error TS2339: Property 'region' does not exist on type 'never'.
app/host.tsx(227,17): error TS2769: No overload matches this call.
  Overload 1 of 2, '(props: ScrollViewProps): ScrollView', gave the following error.
    Type 'TextStyle | ViewStyle | ImageStyle' is not assignable to type 'StyleProp<ViewStyle>'.
      Type 'TextStyle' is not assignable to type 'StyleProp<ViewStyle>'.
        Type 'TextStyle' is not assignable to type 'ViewStyle'.
          Types of property 'cursor' are incompatible.
            Type 'string | undefined' is not assignable to type 'CursorValue | undefined'.
              Type 'string' is not assignable to type 'CursorValue | undefined'.
  Overload 2 of 2, '(props: ScrollViewProps, context: any): ScrollView', gave the following error.
    Type 'TextStyle | ViewStyle | ImageStyle' is not assignable to type 'StyleProp<ViewStyle>'.
      Type 'TextStyle' is not assignable to type 'StyleProp<ViewStyle>'.
        Type 'TextStyle' is not assignable to type 'ViewStyle'.
          Types of property 'cursor' are incompatible.
            Type 'string | undefined' is not assignable to type 'CursorValue | undefined'.
              Type 'string' is not assignable to type 'CursorValue | undefined'.
app/host.tsx(232,13): error TS2769: No overload matches this call.
  Overload 1 of 2, '(props: ViewProps): View', gave the following error.
    Type 'TextStyle | ViewStyle | ImageStyle' is not assignable to type 'StyleProp<ViewStyle>'.
      Type 'TextStyle' is not assignable to type 'StyleProp<ViewStyle>'.
        Type 'TextStyle' is not assignable to type 'ViewStyle'.
          Types of property 'cursor' are incompatible.
            Type 'string | undefined' is not assignable to type 'CursorValue | undefined'.
              Type 'string' is not assignable to type 'CursorValue | undefined'.
  Overload 2 of 2, '(props: ViewProps, context: any): View', gave the following error.
    Type 'TextStyle | ViewStyle | ImageStyle' is not assignable to type 'StyleProp<ViewStyle>'.
      Type 'TextStyle' is not assignable to type 'StyleProp<ViewStyle>'.
        Type 'TextStyle' is not assignable to type 'ViewStyle'.
          Types of property 'cursor' are incompatible.
            Type 'string | undefined' is not assignable to type 'CursorValue | undefined'.
              Type 'string' is not assignable to type 'CursorValue | undefined'.
app/host.tsx(233,15): error TS2769: No overload matches this call.
  Overload 1 of 2, '(props: ViewProps): View', gave the following error.
    Type 'TextStyle | ViewStyle | ImageStyle' is not assignable to type 'StyleProp<ViewStyle>'.
      Type 'TextStyle' is not assignable to type 'StyleProp<ViewStyle>'.
        Type 'TextStyle' is not assignable to type 'ViewStyle'.
          Types of property 'cursor' are incompatible.
            Type 'string | undefined' is not assignable to type 'CursorValue | undefined'.
              Type 'string' is not assignable to type 'CursorValue | undefined'.
  Overload 2 of 2, '(props: ViewProps, context: any): View', gave the following error.
    Type 'TextStyle | ViewStyle | ImageStyle' is not assignable to type 'StyleProp<ViewStyle>'.
      Type 'TextStyle' is not assignable to type 'StyleProp<ViewStyle>'.
        Type 'TextStyle' is not assignable to type 'ViewStyle'.
          Types of property 'cursor' are incompatible.
            Type 'string | undefined' is not assignable to type 'CursorValue | undefined'.
              Type 'string' is not assignable to type 'CursorValue | undefined'.
app/host.tsx(236,15): error TS2769: No overload matches this call.
  Overload 1 of 2, '(props: TextProps): Text', gave the following error.
    Type 'TextStyle | ViewStyle | ImageStyle' is not assignable to type 'StyleProp<TextStyle>'.
      Type 'ViewStyle' is not assignable to type 'StyleProp<TextStyle>'.
        Type 'ViewStyle' is not assignable to type 'TextStyle'.
          Types of property 'userSelect' are incompatible.
            Type 'string | undefined' is not assignable to type '"text" | "auto" | "none" | "contain" | "all" | undefined'.
              Type 'string' is not assignable to type '"text" | "auto" | "none" | "contain" | "all" | undefined'.
  Overload 2 of 2, '(props: TextProps, context: any): Text', gave the following error.
    Type 'TextStyle | ViewStyle | ImageStyle' is not assignable to type 'StyleProp<TextStyle>'.
      Type 'ViewStyle' is not assignable to type 'StyleProp<TextStyle>'.
        Type 'ViewStyle' is not assignable to type 'TextStyle'.
          Types of property 'userSelect' are incompatible.
            Type 'string | undefined' is not assignable to type '"text" | "auto" | "none" | "contain" | "all" | undefined'.
              Type 'string' is not assignable to type '"text" | "auto" | "none" | "contain" | "all" | undefined'.
app/host.tsx(239,13): error TS2769: No overload matches this call.
  Overload 1 of 2, '(props: ViewProps): View', gave the following error.
    Type 'TextStyle | ViewStyle | ImageStyle' is not assignable to type 'StyleProp<ViewStyle>'.
      Type 'TextStyle' is not assignable to type 'StyleProp<ViewStyle>'.
        Type 'TextStyle' is not assignable to type 'ViewStyle'.
          Types of property 'cursor' are incompatible.
            Type 'string | undefined' is not assignable to type 'CursorValue | undefined'.
              Type 'string' is not assignable to type 'CursorValue | undefined'.
  Overload 2 of 2, '(props: ViewProps, context: any): View', gave the following error.
    Type 'TextStyle | ViewStyle | ImageStyle' is not assignable to type 'StyleProp<ViewStyle>'.
      Type 'TextStyle' is not assignable to type 'StyleProp<ViewStyle>'.
        Type 'TextStyle' is not assignable to type 'ViewStyle'.
          Types of property 'cursor' are incompatible.
            Type 'string | undefined' is not assignable to type 'CursorValue | undefined'.
              Type 'string' is not assignable to type 'CursorValue | undefined'.
app/host.tsx(241,15): error TS2769: No overload matches this call.
  Overload 1 of 2, '(props: ViewProps): View', gave the following error.
    Type 'TextStyle | ViewStyle | ImageStyle' is not assignable to type 'StyleProp<ViewStyle>'.
      Type 'TextStyle' is not assignable to type 'StyleProp<ViewStyle>'.
        Type 'TextStyle' is not assignable to type 'ViewStyle'.
          Types of property 'cursor' are incompatible.
            Type 'string | undefined' is not assignable to type 'CursorValue | undefined'.
              Type 'string' is not assignable to type 'CursorValue | undefined'.
  Overload 2 of 2, '(props: ViewProps, context: any): View', gave the following error.
    Type 'TextStyle | ViewStyle | ImageStyle' is not assignable to type 'StyleProp<ViewStyle>'.
      Type 'TextStyle' is not assignable to type 'StyleProp<ViewStyle>'.
        Type 'TextStyle' is not assignable to type 'ViewStyle'.
          Types of property 'cursor' are incompatible.
            Type 'string | undefined' is not assignable to type 'CursorValue | undefined'.
              Type 'string' is not assignable to type 'CursorValue | undefined'.
app/host.tsx(242,17): error TS2769: No overload matches this call.
  Overload 1 of 2, '(props: TextProps): Text', gave the following error.
    Type 'TextStyle | ViewStyle | ImageStyle' is not assignable to type 'StyleProp<TextStyle>'.
      Type 'ViewStyle' is not assignable to type 'StyleProp<TextStyle>'.
        Type 'ViewStyle' is not assignable to type 'TextStyle'.
          Types of property 'userSelect' are incompatible.
            Type 'string | undefined' is not assignable to type '"text" | "auto" | "none" | "contain" | "all" | undefined'.
              Type 'string' is not assignable to type '"text" | "auto" | "none" | "contain" | "all" | undefined'.
  Overload 2 of 2, '(props: TextProps, context: any): Text', gave the following error.
    Type 'TextStyle | ViewStyle | ImageStyle' is not assignable to type 'StyleProp<TextStyle>'.
      Type 'ViewStyle' is not assignable to type 'StyleProp<TextStyle>'.
        Type 'ViewStyle' is not assignable to type 'TextStyle'.
          Types of property 'userSelect' are incompatible.
            Type 'string | undefined' is not assignable to type '"text" | "auto" | "none" | "contain" | "all" | undefined'.
              Type 'string' is not assignable to type '"text" | "auto" | "none" | "contain" | "all" | undefined'.
app/host.tsx(246,15): error TS2769: No overload matches this call.
  Overload 1 of 2, '(props: ViewProps): View', gave the following error.
    Type 'TextStyle | ViewStyle | ImageStyle' is not assignable to type 'StyleProp<ViewStyle>'.
      Type 'TextStyle' is not assignable to type 'StyleProp<ViewStyle>'.
        Type 'TextStyle' is not assignable to type 'ViewStyle'.
          Types of property 'cursor' are incompatible.
            Type 'string | undefined' is not assignable to type 'CursorValue | undefined'.
              Type 'string' is not assignable to type 'CursorValue | undefined'.
  Overload 2 of 2, '(props: ViewProps, context: any): View', gave the following error.
    Type 'TextStyle | ViewStyle | ImageStyle' is not assignable to type 'StyleProp<ViewStyle>'.
      Type 'TextStyle' is not assignable to type 'StyleProp<ViewStyle>'.
        Type 'TextStyle' is not assignable to type 'ViewStyle'.
          Types of property 'cursor' are incompatible.
            Type 'string | undefined' is not assignable to type 'CursorValue | undefined'.
              Type 'string' is not assignable to type 'CursorValue | undefined'.
app/host.tsx(247,17): error TS2769: No overload matches this call.
  Overload 1 of 2, '(props: TextProps): Text', gave the following error.
    Type 'TextStyle | ViewStyle | ImageStyle' is not assignable to type 'StyleProp<TextStyle>'.
      Type 'ViewStyle' is not assignable to type 'StyleProp<TextStyle>'.
        Type 'ViewStyle' is not assignable to type 'TextStyle'.
          Types of property 'userSelect' are incompatible.
            Type 'string | undefined' is not assignable to type '"text" | "auto" | "none" | "contain" | "all" | undefined'.
              Type 'string' is not assignable to type '"text" | "auto" | "none" | "contain" | "all" | undefined'.
  Overload 2 of 2, '(props: TextProps, context: any): Text', gave the following error.
    Type 'TextStyle | ViewStyle | ImageStyle' is not assignable to type 'StyleProp<TextStyle>'.
      Type 'ViewStyle' is not assignable to type 'StyleProp<TextStyle>'.
        Type 'ViewStyle' is not assignable to type 'TextStyle'.
          Types of property 'userSelect' are incompatible.
            Type 'string | undefined' is not assignable to type '"text" | "auto" | "none" | "contain" | "all" | undefined'.
              Type 'string' is not assignable to type '"text" | "auto" | "none" | "contain" | "all" | undefined'.
app/host.tsx(251,17): error TS2769: No overload matches this call.
  Overload 1 of 2, '(props: ViewProps): View', gave the following error.
    Type 'TextStyle | ViewStyle | ImageStyle' is not assignable to type 'StyleProp<ViewStyle>'.
      Type 'TextStyle' is not assignable to type 'StyleProp<ViewStyle>'.
        Type 'TextStyle' is not assignable to type 'ViewStyle'.
          Types of property 'cursor' are incompatible.
            Type 'string | undefined' is not assignable to type 'CursorValue | undefined'.
              Type 'string' is not assignable to type 'CursorValue | undefined'.
  Overload 2 of 2, '(props: ViewProps, context: any): View', gave the following error.
    Type 'TextStyle | ViewStyle | ImageStyle' is not assignable to type 'StyleProp<ViewStyle>'.
      Type 'TextStyle' is not assignable to type 'StyleProp<ViewStyle>'.
        Type 'TextStyle' is not assignable to type 'ViewStyle'.
          Types of property 'cursor' are incompatible.
            Type 'string | undefined' is not assignable to type 'CursorValue | undefined'.
              Type 'string' is not assignable to type 'CursorValue | undefined'.
app/host.tsx(252,27): error TS2769: No overload matches this call.
  Overload 1 of 2, '(props: TextProps): Text', gave the following error.
    Type 'TextStyle | ViewStyle | ImageStyle' is not assignable to type 'Falsy | TextStyle | RegisteredStyle<TextStyle> | RecursiveArray<Falsy | TextStyle | RegisteredStyle<TextStyle>> | readonly (Falsy | ... 1 more ... | RegisteredStyle<...>)[]'.
      Type 'ViewStyle' is not assignable to type 'Falsy | TextStyle | RegisteredStyle<TextStyle> | RecursiveArray<Falsy | TextStyle | RegisteredStyle<TextStyle>> | readonly (Falsy | ... 1 more ... | RegisteredStyle<...>)[]'.
        Type 'ViewStyle' is not assignable to type 'TextStyle'.
          Types of property 'userSelect' are incompatible.
            Type 'string | undefined' is not assignable to type '"text" | "auto" | "none" | "contain" | "all" | undefined'.
              Type 'string' is not assignable to type '"text" | "auto" | "none" | "contain" | "all" | undefined'.
  Overload 2 of 2, '(props: TextProps, context: any): Text', gave the following error.
    Type 'TextStyle | ViewStyle | ImageStyle' is not assignable to type 'Falsy | TextStyle | RegisteredStyle<TextStyle> | RecursiveArray<Falsy | TextStyle | RegisteredStyle<TextStyle>> | readonly (Falsy | ... 1 more ... | RegisteredStyle<...>)[]'.
      Type 'ViewStyle' is not assignable to type 'Falsy | TextStyle | RegisteredStyle<TextStyle> | RecursiveArray<Falsy | TextStyle | RegisteredStyle<TextStyle>> | readonly (Falsy | ... 1 more ... | RegisteredStyle<...>)[]'.
        Type 'ViewStyle' is not assignable to type 'TextStyle'.
          Types of property 'userSelect' are incompatible.
            Type 'string | undefined' is not assignable to type '"text" | "auto" | "none" | "contain" | "all" | undefined'.
              Type 'string' is not assignable to type '"text" | "auto" | "none" | "contain" | "all" | undefined'.
app/host.tsx(253,24): error TS2769: No overload matches this call.
  Overload 1 of 2, '(props: TextInputProps): TextInput', gave the following error.
    Type 'TextStyle | ViewStyle | ImageStyle' is not assignable to type 'StyleProp<TextStyle>'.
      Type 'ViewStyle' is not assignable to type 'StyleProp<TextStyle>'.
        Type 'ViewStyle' is not assignable to type 'TextStyle'.
          Types of property 'userSelect' are incompatible.
            Type 'string | undefined' is not assignable to type '"text" | "auto" | "none" | "contain" | "all" | undefined'.
              Type 'string' is not assignable to type '"text" | "auto" | "none" | "contain" | "all" | undefined'.
  Overload 2 of 2, '(props: TextInputProps, context: any): TextInput', gave the following error.
    Type 'TextStyle | ViewStyle | ImageStyle' is not assignable to type 'StyleProp<TextStyle>'.
      Type 'ViewStyle' is not assignable to type 'StyleProp<TextStyle>'.
        Type 'ViewStyle' is not assignable to type 'TextStyle'.
          Types of property 'userSelect' are incompatible.
            Type 'string | undefined' is not assignable to type '"text" | "auto" | "none" | "contain" | "all" | undefined'.
              Type 'string' is not assignable to type '"text" | "auto" | "none" | "contain" | "all" | undefined'.
app/host.tsx(257,15): error TS2769: No overload matches this call.
  Overload 1 of 2, '(props: TextProps): Text', gave the following error.
    Type 'TextStyle | ViewStyle | ImageStyle' is not assignable to type 'StyleProp<TextStyle>'.
      Type 'ViewStyle' is not assignable to type 'StyleProp<TextStyle>'.
        Type 'ViewStyle' is not assignable to type 'TextStyle'.
          Types of property 'userSelect' are incompatible.
            Type 'string | undefined' is not assignable to type '"text" | "auto" | "none" | "contain" | "all" | undefined'.
              Type 'string' is not assignable to type '"text" | "auto" | "none" | "contain" | "all" | undefined'.
  Overload 2 of 2, '(props: TextProps, context: any): Text', gave the following error.
    Type 'TextStyle | ViewStyle | ImageStyle' is not assignable to type 'StyleProp<TextStyle>'.
      Type 'ViewStyle' is not assignable to type 'StyleProp<TextStyle>'.
        Type 'ViewStyle' is not assignable to type 'TextStyle'.
          Types of property 'userSelect' are incompatible.
            Type 'string | undefined' is not assignable to type '"text" | "auto" | "none" | "contain" | "all" | undefined'.
              Type 'string' is not assignable to type '"text" | "auto" | "none" | "contain" | "all" | undefined'.
app/host.tsx(258,15): error TS2769: No overload matches this call.
  Overload 1 of 2, '(props: ViewProps): View', gave the following error.
    Type 'TextStyle | ViewStyle | ImageStyle' is not assignable to type 'StyleProp<ViewStyle>'.
      Type 'TextStyle' is not assignable to type 'StyleProp<ViewStyle>'.
        Type 'TextStyle' is not assignable to type 'ViewStyle'.
          Types of property 'cursor' are incompatible.
            Type 'string | undefined' is not assignable to type 'CursorValue | undefined'.
              Type 'string' is not assignable to type 'CursorValue | undefined'.
  Overload 2 of 2, '(props: ViewProps, context: any): View', gave the following error.
    Type 'TextStyle | ViewStyle | ImageStyle' is not assignable to type 'StyleProp<ViewStyle>'.
      Type 'TextStyle' is not assignable to type 'StyleProp<ViewStyle>'.
        Type 'TextStyle' is not assignable to type 'ViewStyle'.
          Types of property 'cursor' are incompatible.
            Type 'string | undefined' is not assignable to type 'CursorValue | undefined'.
              Type 'string' is not assignable to type 'CursorValue | undefined'.
app/host.tsx(259,37): error TS2322: Type 'TextStyle | ViewStyle | ImageStyle' is not assignable to type 'Falsy | ViewStyle | RegisteredStyle<ViewStyle> | RecursiveArray<Falsy | ViewStyle | RegisteredStyle<ViewStyle>> | readonly (Falsy | ... 1 more ... | RegisteredStyle<...>)[]'.
  Type 'TextStyle' is not assignable to type 'Falsy | ViewStyle | RegisteredStyle<ViewStyle> | RecursiveArray<Falsy | ViewStyle | RegisteredStyle<ViewStyle>> | readonly (Falsy | ... 1 more ... | RegisteredStyle<...>)[]'.
    Type 'TextStyle' is not assignable to type 'ViewStyle'.
      Types of property 'cursor' are incompatible.
        Type 'string | undefined' is not assignable to type 'CursorValue | undefined'.
          Type 'string' is not assignable to type 'CursorValue | undefined'.
app/host.tsx(259,53): error TS2322: Type 'false | TextStyle | ViewStyle | ImageStyle' is not assignable to type 'Falsy | ViewStyle | RegisteredStyle<ViewStyle> | RecursiveArray<Falsy | ViewStyle | RegisteredStyle<ViewStyle>> | readonly (Falsy | ... 1 more ... | RegisteredStyle<...>)[]'.
  Type 'TextStyle' is not assignable to type 'Falsy | ViewStyle | RegisteredStyle<ViewStyle> | RecursiveArray<Falsy | ViewStyle | RegisteredStyle<ViewStyle>> | readonly (Falsy | ... 1 more ... | RegisteredStyle<...>)[]'.
    Type 'TextStyle' is not assignable to type 'ViewStyle'.
      Types of property 'cursor' are incompatible.
        Type 'string | undefined' is not assignable to type 'CursorValue | undefined'.
          Type 'string' is not assignable to type 'CursorValue | undefined'.
app/host.tsx(259,144): error TS2769: No overload matches this call.
  Overload 2 of 2, '(props: TextProps, context: any): Text', gave the following error.
    Type 'TextStyle | ViewStyle | ImageStyle' is not assignable to type 'Falsy | TextStyle | RegisteredStyle<TextStyle> | RecursiveArray<Falsy | TextStyle | RegisteredStyle<TextStyle>> | readonly (Falsy | ... 1 more ... | RegisteredStyle<...>)[]'.
      Type 'ViewStyle' is not assignable to type 'Falsy | TextStyle | RegisteredStyle<TextStyle> | RecursiveArray<Falsy | TextStyle | RegisteredStyle<TextStyle>> | readonly (Falsy | ... 1 more ... | RegisteredStyle<...>)[]'.
        Type 'ViewStyle' is not assignable to type 'TextStyle'.
          Types of property 'userSelect' are incompatible.
            Type 'string | undefined' is not assignable to type '"text" | "auto" | "none" | "contain" | "all" | undefined'.
              Type 'string' is not assignable to type '"text" | "auto" | "none" | "contain" | "all" | undefined'.
  Overload 2 of 2, '(props: TextProps, context: any): Text', gave the following error.
    Type 'false | TextStyle | ViewStyle | ImageStyle' is not assignable to type 'Falsy | TextStyle | RegisteredStyle<TextStyle> | RecursiveArray<Falsy | TextStyle | RegisteredStyle<TextStyle>> | readonly (Falsy | ... 1 more ... | RegisteredStyle<...>)[]'.
      Type 'ViewStyle' is not assignable to type 'Falsy | TextStyle | RegisteredStyle<TextStyle> | RecursiveArray<Falsy | TextStyle | RegisteredStyle<TextStyle>> | readonly (Falsy | ... 1 more ... | RegisteredStyle<...>)[]'.
        Type 'ViewStyle' is not assignable to type 'TextStyle'.
          Types of property 'userSelect' are incompatible.
            Type 'string | undefined' is not assignable to type '"text" | "auto" | "none" | "contain" | "all" | undefined'.
              Type 'string' is not assignable to type '"text" | "auto" | "none" | "contain" | "all" | undefined'.
app/host.tsx(260,37): error TS2322: Type 'TextStyle | ViewStyle | ImageStyle' is not assignable to type 'Falsy | ViewStyle | RegisteredStyle<ViewStyle> | RecursiveArray<Falsy | ViewStyle | RegisteredStyle<ViewStyle>> | readonly (Falsy | ... 1 more ... | RegisteredStyle<...>)[]'.
  Type 'TextStyle' is not assignable to type 'Falsy | ViewStyle | RegisteredStyle<ViewStyle> | RecursiveArray<Falsy | ViewStyle | RegisteredStyle<ViewStyle>> | readonly (Falsy | ... 1 more ... | RegisteredStyle<...>)[]'.
    Type 'TextStyle' is not assignable to type 'ViewStyle'.
      Types of property 'cursor' are incompatible.
        Type 'string | undefined' is not assignable to type 'CursorValue | undefined'.
          Type 'string' is not assignable to type 'CursorValue | undefined'.
app/host.tsx(260,53): error TS2322: Type 'false | TextStyle | ViewStyle | ImageStyle' is not assignable to type 'Falsy | ViewStyle | RegisteredStyle<ViewStyle> | RecursiveArray<Falsy | ViewStyle | RegisteredStyle<ViewStyle>> | readonly (Falsy | ... 1 more ... | RegisteredStyle<...>)[]'.
  Type 'TextStyle' is not assignable to type 'Falsy | ViewStyle | RegisteredStyle<ViewStyle> | RecursiveArray<Falsy | ViewStyle | RegisteredStyle<ViewStyle>> | readonly (Falsy | ... 1 more ... | RegisteredStyle<...>)[]'.
    Type 'TextStyle' is not assignable to type 'ViewStyle'.
      Types of property 'cursor' are incompatible.
        Type 'string | undefined' is not assignable to type 'CursorValue | undefined'.
          Type 'string' is not assignable to type 'CursorValue | undefined'.
app/host.tsx(260,144): error TS2769: No overload matches this call.
  Overload 2 of 2, '(props: TextProps, context: any): Text', gave the following error.
    Type 'TextStyle | ViewStyle | ImageStyle' is not assignable to type 'Falsy | TextStyle | RegisteredStyle<TextStyle> | RecursiveArray<Falsy | TextStyle | RegisteredStyle<TextStyle>> | readonly (Falsy | ... 1 more ... | RegisteredStyle<...>)[]'.
      Type 'ViewStyle' is not assignable to type 'Falsy | TextStyle | RegisteredStyle<TextStyle> | RecursiveArray<Falsy | TextStyle | RegisteredStyle<TextStyle>> | readonly (Falsy | ... 1 more ... | RegisteredStyle<...>)[]'.
        Type 'ViewStyle' is not assignable to type 'TextStyle'.
          Types of property 'userSelect' are incompatible.
            Type 'string | undefined' is not assignable to type '"text" | "auto" | "none" | "contain" | "all" | undefined'.
              Type 'string' is not assignable to type '"text" | "auto" | "none" | "contain" | "all" | undefined'.
  Overload 2 of 2, '(props: TextProps, context: any): Text', gave the following error.
    Type 'false | TextStyle | ViewStyle | ImageStyle' is not assignable to type 'Falsy | TextStyle | RegisteredStyle<TextStyle> | RecursiveArray<Falsy | TextStyle | RegisteredStyle<TextStyle>> | readonly (Falsy | ... 1 more ... | RegisteredStyle<...>)[]'.
      Type 'ViewStyle' is not assignable to type 'Falsy | TextStyle | RegisteredStyle<TextStyle> | RecursiveArray<Falsy | TextStyle | RegisteredStyle<TextStyle>> | readonly (Falsy | ... 1 more ... | RegisteredStyle<...>)[]'.
        Type 'ViewStyle' is not assignable to type 'TextStyle'.
          Types of property 'userSelect' are incompatible.
            Type 'string | undefined' is not assignable to type '"text" | "auto" | "none" | "contain" | "all" | undefined'.
              Type 'string' is not assignable to type '"text" | "auto" | "none" | "contain" | "all" | undefined'.
app/host.tsx(261,37): error TS2322: Type 'TextStyle | ViewStyle | ImageStyle' is not assignable to type 'Falsy | ViewStyle | RegisteredStyle<ViewStyle> | RecursiveArray<Falsy | ViewStyle | RegisteredStyle<ViewStyle>> | readonly (Falsy | ... 1 more ... | RegisteredStyle<...>)[]'.
  Type 'TextStyle' is not assignable to type 'Falsy | ViewStyle | RegisteredStyle<ViewStyle> | RecursiveArray<Falsy | ViewStyle | RegisteredStyle<ViewStyle>> | readonly (Falsy | ... 1 more ... | RegisteredStyle<...>)[]'.
    Type 'TextStyle' is not assignable to type 'ViewStyle'.
      Types of property 'cursor' are incompatible.
        Type 'string | undefined' is not assignable to type 'CursorValue | undefined'.
          Type 'string' is not assignable to type 'CursorValue | undefined'.
app/host.tsx(261,53): error TS2322: Type 'false | TextStyle | ViewStyle | ImageStyle' is not assignable to type 'Falsy | ViewStyle | RegisteredStyle<ViewStyle> | RecursiveArray<Falsy | ViewStyle | RegisteredStyle<ViewStyle>> | readonly (Falsy | ... 1 more ... | RegisteredStyle<...>)[]'.
  Type 'TextStyle' is not assignable to type 'Falsy | ViewStyle | RegisteredStyle<ViewStyle> | RecursiveArray<Falsy | ViewStyle | RegisteredStyle<ViewStyle>> | readonly (Falsy | ... 1 more ... | RegisteredStyle<...>)[]'.
    Type 'TextStyle' is not assignable to type 'ViewStyle'.
      Types of property 'cursor' are incompatible.
        Type 'string | undefined' is not assignable to type 'CursorValue | undefined'.
          Type 'string' is not assignable to type 'CursorValue | undefined'.
app/host.tsx(261,140): error TS2769: No overload matches this call.
  Overload 2 of 2, '(props: TextProps, context: any): Text', gave the following error.
    Type 'TextStyle | ViewStyle | ImageStyle' is not assignable to type 'Falsy | TextStyle | RegisteredStyle<TextStyle> | RecursiveArray<Falsy | TextStyle | RegisteredStyle<TextStyle>> | readonly (Falsy | ... 1 more ... | RegisteredStyle<...>)[]'.
      Type 'ViewStyle' is not assignable to type 'Falsy | TextStyle | RegisteredStyle<TextStyle> | RecursiveArray<Falsy | TextStyle | RegisteredStyle<TextStyle>> | readonly (Falsy | ... 1 more ... | RegisteredStyle<...>)[]'.
        Type 'ViewStyle' is not assignable to type 'TextStyle'.
          Types of property 'userSelect' are incompatible.
            Type 'string | undefined' is not assignable to type '"text" | "auto" | "none" | "contain" | "all" | undefined'.
              Type 'string' is not assignable to type '"text" | "auto" | "none" | "contain" | "all" | undefined'.
  Overload 2 of 2, '(props: TextProps, context: any): Text', gave the following error.
    Type 'false | TextStyle | ViewStyle | ImageStyle' is not assignable to type 'Falsy | TextStyle | RegisteredStyle<TextStyle> | RecursiveArray<Falsy | TextStyle | RegisteredStyle<TextStyle>> | readonly (Falsy | ... 1 more ... | RegisteredStyle<...>)[]'.
      Type 'ViewStyle' is not assignable to type 'Falsy | TextStyle | RegisteredStyle<TextStyle> | RecursiveArray<Falsy | TextStyle | RegisteredStyle<TextStyle>> | readonly (Falsy | ... 1 more ... | RegisteredStyle<...>)[]'.
        Type 'ViewStyle' is not assignable to type 'TextStyle'.
          Types of property 'userSelect' are incompatible.
            Type 'string | undefined' is not assignable to type '"text" | "auto" | "none" | "contain" | "all" | undefined'.
              Type 'string' is not assignable to type '"text" | "auto" | "none" | "contain" | "all" | undefined'.
app/host.tsx(264,15): error TS2769: No overload matches this call.
  Overload 1 of 2, '(props: ViewProps): View', gave the following error.
    Type 'TextStyle | ViewStyle | ImageStyle' is not assignable to type 'StyleProp<ViewStyle>'.
      Type 'TextStyle' is not assignable to type 'StyleProp<ViewStyle>'.
        Type 'TextStyle' is not assignable to type 'ViewStyle'.
          Types of property 'cursor' are incompatible.
            Type 'string | undefined' is not assignable to type 'CursorValue | undefined'.
              Type 'string' is not assignable to type 'CursorValue | undefined'.
  Overload 2 of 2, '(props: ViewProps, context: any): View', gave the following error.
    Type 'TextStyle | ViewStyle | ImageStyle' is not assignable to type 'StyleProp<ViewStyle>'.
      Type 'TextStyle' is not assignable to type 'StyleProp<ViewStyle>'.
        Type 'TextStyle' is not assignable to type 'ViewStyle'.
          Types of property 'cursor' are incompatible.
            Type 'string | undefined' is not assignable to type 'CursorValue | undefined'.
              Type 'string' is not assignable to type 'CursorValue | undefined'.
app/host.tsx(265,17): error TS2769: No overload matches this call.
  Overload 1 of 2, '(props: ViewProps): View', gave the following error.
    Type 'TextStyle | ViewStyle | ImageStyle' is not assignable to type 'StyleProp<ViewStyle>'.
      Type 'TextStyle' is not assignable to type 'StyleProp<ViewStyle>'.
        Type 'TextStyle' is not assignable to type 'ViewStyle'.
          Types of property 'cursor' are incompatible.
            Type 'string | undefined' is not assignable to type 'CursorValue | undefined'.
              Type 'string' is not assignable to type 'CursorValue | undefined'.
  Overload 2 of 2, '(props: ViewProps, context: any): View', gave the following error.
    Type 'TextStyle | ViewStyle | ImageStyle' is not assignable to type 'StyleProp<ViewStyle>'.
      Type 'TextStyle' is not assignable to type 'StyleProp<ViewStyle>'.
        Type 'TextStyle' is not assignable to type 'ViewStyle'.
          Types of property 'cursor' are incompatible.
            Type 'string | undefined' is not assignable to type 'CursorValue | undefined'.
              Type 'string' is not assignable to type 'CursorValue | undefined'.
app/host.tsx(266,19): error TS2769: No overload matches this call.
  Overload 1 of 2, '(props: TextProps): Text', gave the following error.
    Type 'TextStyle | ViewStyle | ImageStyle' is not assignable to type 'StyleProp<TextStyle>'.
      Type 'ViewStyle' is not assignable to type 'StyleProp<TextStyle>'.
        Type 'ViewStyle' is not assignable to type 'TextStyle'.
          Types of property 'userSelect' are incompatible.
            Type 'string | undefined' is not assignable to type '"text" | "auto" | "none" | "contain" | "all" | undefined'.
              Type 'string' is not assignable to type '"text" | "auto" | "none" | "contain" | "all" | undefined'.
  Overload 2 of 2, '(props: TextProps, context: any): Text', gave the following error.
    Type 'TextStyle | ViewStyle | ImageStyle' is not assignable to type 'StyleProp<TextStyle>'.
      Type 'ViewStyle' is not assignable to type 'StyleProp<TextStyle>'.
        Type 'ViewStyle' is not assignable to type 'TextStyle'.
          Types of property 'userSelect' are incompatible.
            Type 'string | undefined' is not assignable to type '"text" | "auto" | "none" | "contain" | "all" | undefined'.
              Type 'string' is not assignable to type '"text" | "auto" | "none" | "contain" | "all" | undefined'.
app/host.tsx(267,19): error TS2769: No overload matches this call.
  Overload 1 of 2, '(props: ViewProps): View', gave the following error.
    Type 'TextStyle | ViewStyle | ImageStyle' is not assignable to type 'StyleProp<ViewStyle>'.
      Type 'TextStyle' is not assignable to type 'StyleProp<ViewStyle>'.
        Type 'TextStyle' is not assignable to type 'ViewStyle'.
          Types of property 'cursor' are incompatible.
            Type 'string | undefined' is not assignable to type 'CursorValue | undefined'.
              Type 'string' is not assignable to type 'CursorValue | undefined'.
  Overload 2 of 2, '(props: ViewProps, context: any): View', gave the following error.
    Type 'TextStyle | ViewStyle | ImageStyle' is not assignable to type 'StyleProp<ViewStyle>'.
      Type 'TextStyle' is not assignable to type 'StyleProp<ViewStyle>'.
        Type 'TextStyle' is not assignable to type 'ViewStyle'.
          Types of property 'cursor' are incompatible.
            Type 'string | undefined' is not assignable to type 'CursorValue | undefined'.
              Type 'string' is not assignable to type 'CursorValue | undefined'.
app/host.tsx(269,21): error TS2769: No overload matches this call.
  Overload 1 of 2, '(props: TextProps): Text', gave the following error.
    Type 'TextStyle | ViewStyle | ImageStyle' is not assignable to type 'StyleProp<TextStyle>'.
      Type 'ViewStyle' is not assignable to type 'StyleProp<TextStyle>'.
        Type 'ViewStyle' is not assignable to type 'TextStyle'.
          Types of property 'userSelect' are incompatible.
            Type 'string | undefined' is not assignable to type '"text" | "auto" | "none" | "contain" | "all" | undefined'.
              Type 'string' is not assignable to type '"text" | "auto" | "none" | "contain" | "all" | undefined'.
  Overload 2 of 2, '(props: TextProps, context: any): Text', gave the following error.
    Type 'TextStyle | ViewStyle | ImageStyle' is not assignable to type 'StyleProp<TextStyle>'.
      Type 'ViewStyle' is not assignable to type 'StyleProp<TextStyle>'.
        Type 'ViewStyle' is not assignable to type 'TextStyle'.
          Types of property 'userSelect' are incompatible.
            Type 'string | undefined' is not assignable to type '"text" | "auto" | "none" | "contain" | "all" | undefined'.
              Type 'string' is not assignable to type '"text" | "auto" | "none" | "contain" | "all" | undefined'.
app/host.tsx(272,22): error TS2769: No overload matches this call.
  Overload 1 of 2, '(props: TextInputProps): TextInput', gave the following error.
    Type 'TextStyle | ViewStyle | ImageStyle' is not assignable to type 'StyleProp<TextStyle>'.
      Type 'ViewStyle' is not assignable to type 'StyleProp<TextStyle>'.
        Type 'ViewStyle' is not assignable to type 'TextStyle'.
          Types of property 'userSelect' are incompatible.
            Type 'string | undefined' is not assignable to type '"text" | "auto" | "none" | "contain" | "all" | undefined'.
              Type 'string' is not assignable to type '"text" | "auto" | "none" | "contain" | "all" | undefined'.
  Overload 2 of 2, '(props: TextInputProps, context: any): TextInput', gave the following error.
    Type 'TextStyle | ViewStyle | ImageStyle' is not assignable to type 'StyleProp<TextStyle>'.
      Type 'ViewStyle' is not assignable to type 'StyleProp<TextStyle>'.
        Type 'ViewStyle' is not assignable to type 'TextStyle'.
          Types of property 'userSelect' are incompatible.
            Type 'string | undefined' is not assignable to type '"text" | "auto" | "none" | "contain" | "all" | undefined'.
              Type 'string' is not assignable to type '"text" | "auto" | "none" | "contain" | "all" | undefined'.
app/host.tsx(274,25): error TS2769: No overload matches this call.
  Overload 1 of 2, '(props: ScrollViewProps): ScrollView', gave the following error.
    Type 'TextStyle | ViewStyle | ImageStyle' is not assignable to type 'StyleProp<ViewStyle>'.
      Type 'TextStyle' is not assignable to type 'StyleProp<ViewStyle>'.
        Type 'TextStyle' is not assignable to type 'ViewStyle'.
          Types of property 'cursor' are incompatible.
            Type 'string | undefined' is not assignable to type 'CursorValue | undefined'.
              Type 'string' is not assignable to type 'CursorValue | undefined'.
  Overload 2 of 2, '(props: ScrollViewProps, context: any): ScrollView', gave the following error.
    Type 'TextStyle | ViewStyle | ImageStyle' is not assignable to type 'StyleProp<ViewStyle>'.
      Type 'TextStyle' is not assignable to type 'StyleProp<ViewStyle>'.
        Type 'TextStyle' is not assignable to type 'ViewStyle'.
          Types of property 'cursor' are incompatible.
            Type 'string | undefined' is not assignable to type 'CursorValue | undefined'.
              Type 'string' is not assignable to type 'CursorValue | undefined'.
app/host.tsx(276,45): error TS2322: Type 'TextStyle | ViewStyle | ImageStyle' is not assignable to type 'StyleProp<ViewStyle>'.
  Type 'TextStyle' is not assignable to type 'StyleProp<ViewStyle>'.
    Type 'TextStyle' is not assignable to type 'ViewStyle'.
      Types of property 'cursor' are incompatible.
        Type 'string | undefined' is not assignable to type 'CursorValue | undefined'.
          Type 'string' is not assignable to type 'CursorValue | undefined'.
app/host.tsx(276,141): error TS2345: Argument of type '{ name: string; area: string; region: string; }' is not assignable to parameter of type 'SetStateAction<null>'.
  Type '{ name: string; area: string; region: string; }' provides no match for the signature '(prevState: null): null'.
app/host.tsx(277,25): error TS2769: No overload matches this call.
  Overload 1 of 2, '(props: TextProps): Text', gave the following error.
    Type 'TextStyle | ViewStyle | ImageStyle' is not assignable to type 'StyleProp<TextStyle>'.
      Type 'ViewStyle' is not assignable to type 'StyleProp<TextStyle>'.
        Type 'ViewStyle' is not assignable to type 'TextStyle'.
          Types of property 'userSelect' are incompatible.
            Type 'string | undefined' is not assignable to type '"text" | "auto" | "none" | "contain" | "all" | undefined'.
              Type 'string' is not assignable to type '"text" | "auto" | "none" | "contain" | "all" | undefined'.
  Overload 2 of 2, '(props: TextProps, context: any): Text', gave the following error.
    Type 'TextStyle | ViewStyle | ImageStyle' is not assignable to type 'StyleProp<TextStyle>'.
      Type 'ViewStyle' is not assignable to type 'StyleProp<TextStyle>'.
        Type 'ViewStyle' is not assignable to type 'TextStyle'.
          Types of property 'userSelect' are incompatible.
            Type 'string | undefined' is not assignable to type '"text" | "auto" | "none" | "contain" | "all" | undefined'.
              Type 'string' is not assignable to type '"text" | "auto" | "none" | "contain" | "all" | undefined'.
app/host.tsx(278,25): error TS2769: No overload matches this call.
  Overload 1 of 2, '(props: TextProps): Text', gave the following error.
    Type 'TextStyle | ViewStyle | ImageStyle' is not assignable to type 'StyleProp<TextStyle>'.
      Type 'ViewStyle' is not assignable to type 'StyleProp<TextStyle>'.
        Type 'ViewStyle' is not assignable to type 'TextStyle'.
          Types of property 'userSelect' are incompatible.
            Type 'string | undefined' is not assignable to type '"text" | "auto" | "none" | "contain" | "all" | undefined'.
              Type 'string' is not assignable to type '"text" | "auto" | "none" | "contain" | "all" | undefined'.
  Overload 2 of 2, '(props: TextProps, context: any): Text', gave the following error.
    Type 'TextStyle | ViewStyle | ImageStyle' is not assignable to type 'StyleProp<TextStyle>'.
      Type 'ViewStyle' is not assignable to type 'StyleProp<TextStyle>'.
        Type 'ViewStyle' is not assignable to type 'TextStyle'.
          Types of property 'userSelect' are incompatible.
            Type 'string | undefined' is not assignable to type '"text" | "auto" | "none" | "contain" | "all" | undefined'.
              Type 'string' is not assignable to type '"text" | "auto" | "none" | "contain" | "all" | undefined'.
app/host.tsx(285,15): error TS2769: No overload matches this call.
  Overload 1 of 2, '(props: ViewProps): View', gave the following error.
    Type 'TextStyle | ViewStyle | ImageStyle' is not assignable to type 'StyleProp<ViewStyle>'.
      Type 'TextStyle' is not assignable to type 'StyleProp<ViewStyle>'.
        Type 'TextStyle' is not assignable to type 'ViewStyle'.
          Types of property 'cursor' are incompatible.
            Type 'string | undefined' is not assignable to type 'CursorValue | undefined'.
              Type 'string' is not assignable to type 'CursorValue | undefined'.
  Overload 2 of 2, '(props: ViewProps, context: any): View', gave the following error.
    Type 'TextStyle | ViewStyle | ImageStyle' is not assignable to type 'StyleProp<ViewStyle>'.
      Type 'TextStyle' is not assignable to type 'StyleProp<ViewStyle>'.
        Type 'TextStyle' is not assignable to type 'ViewStyle'.
          Types of property 'cursor' are incompatible.
            Type 'string | undefined' is not assignable to type 'CursorValue | undefined'.
              Type 'string' is not assignable to type 'CursorValue | undefined'.
app/host.tsx(286,17): error TS2769: No overload matches this call.
  Overload 1 of 2, '(props: TextProps): Text', gave the following error.
    Type 'TextStyle | ViewStyle | ImageStyle' is not assignable to type 'StyleProp<TextStyle>'.
      Type 'ViewStyle' is not assignable to type 'StyleProp<TextStyle>'.
        Type 'ViewStyle' is not assignable to type 'TextStyle'.
          Types of property 'userSelect' are incompatible.
            Type 'string | undefined' is not assignable to type '"text" | "auto" | "none" | "contain" | "all" | undefined'.
              Type 'string' is not assignable to type '"text" | "auto" | "none" | "contain" | "all" | undefined'.
  Overload 2 of 2, '(props: TextProps, context: any): Text', gave the following error.
    Type 'TextStyle | ViewStyle | ImageStyle' is not assignable to type 'StyleProp<TextStyle>'.
      Type 'ViewStyle' is not assignable to type 'StyleProp<TextStyle>'.
        Type 'ViewStyle' is not assignable to type 'TextStyle'.
          Types of property 'userSelect' are incompatible.
            Type 'string | undefined' is not assignable to type '"text" | "auto" | "none" | "contain" | "all" | undefined'.
              Type 'string' is not assignable to type '"text" | "auto" | "none" | "contain" | "all" | undefined'.
app/host.tsx(287,17): error TS2769: No overload matches this call.
  Overload 1 of 2, '(props: ViewProps): View', gave the following error.
    Type 'TextStyle | ViewStyle | ImageStyle' is not assignable to type 'StyleProp<ViewStyle>'.
      Type 'TextStyle' is not assignable to type 'StyleProp<ViewStyle>'.
        Type 'TextStyle' is not assignable to type 'ViewStyle'.
          Types of property 'cursor' are incompatible.
            Type 'string | undefined' is not assignable to type 'CursorValue | undefined'.
              Type 'string' is not assignable to type 'CursorValue | undefined'.
  Overload 2 of 2, '(props: ViewProps, context: any): View', gave the following error.
    Type 'TextStyle | ViewStyle | ImageStyle' is not assignable to type 'StyleProp<ViewStyle>'.
      Type 'TextStyle' is not assignable to type 'StyleProp<ViewStyle>'.
        Type 'TextStyle' is not assignable to type 'ViewStyle'.
          Types of property 'cursor' are incompatible.
            Type 'string | undefined' is not assignable to type 'CursorValue | undefined'.
              Type 'string' is not assignable to type 'CursorValue | undefined'.
app/host.tsx(289,32): error TS2769: No overload matches this call.
  Overload 1 of 2, '(props: TextInputProps): TextInput', gave the following error.
    Type 'TextStyle | ViewStyle | ImageStyle' is not assignable to type 'Falsy | TextStyle | RegisteredStyle<TextStyle> | RecursiveArray<Falsy | TextStyle | RegisteredStyle<TextStyle>> | readonly (Falsy | ... 1 more ... | RegisteredStyle<...>)[]'.
      Type 'ViewStyle' is not assignable to type 'Falsy | TextStyle | RegisteredStyle<TextStyle> | RecursiveArray<Falsy | TextStyle | RegisteredStyle<TextStyle>> | readonly (Falsy | ... 1 more ... | RegisteredStyle<...>)[]'.
        Type 'ViewStyle' is not assignable to type 'TextStyle'.
          Types of property 'userSelect' are incompatible.
            Type 'string | undefined' is not assignable to type '"text" | "auto" | "none" | "contain" | "all" | undefined'.
              Type 'string' is not assignable to type '"text" | "auto" | "none" | "contain" | "all" | undefined'.
  Overload 2 of 2, '(props: TextInputProps, context: any): TextInput', gave the following error.
    Type 'TextStyle | ViewStyle | ImageStyle' is not assignable to type 'Falsy | TextStyle | RegisteredStyle<TextStyle> | RecursiveArray<Falsy | TextStyle | RegisteredStyle<TextStyle>> | readonly (Falsy | ... 1 more ... | RegisteredStyle<...>)[]'.
      Type 'ViewStyle' is not assignable to type 'Falsy | TextStyle | RegisteredStyle<TextStyle> | RecursiveArray<Falsy | TextStyle | RegisteredStyle<TextStyle>> | readonly (Falsy | ... 1 more ... | RegisteredStyle<...>)[]'.
        Type 'ViewStyle' is not assignable to type 'TextStyle'.
          Types of property 'userSelect' are incompatible.
            Type 'string | undefined' is not assignable to type '"text" | "auto" | "none" | "contain" | "all" | undefined'.
              Type 'string' is not assignable to type '"text" | "auto" | "none" | "contain" | "all" | undefined'.
app/host.tsx(290,31): error TS2322: Type 'TextStyle | ViewStyle | ImageStyle' is not assignable to type 'StyleProp<ViewStyle>'.
  Type 'TextStyle' is not assignable to type 'StyleProp<ViewStyle>'.
    Type 'TextStyle' is not assignable to type 'ViewStyle'.
      Types of property 'cursor' are incompatible.
        Type 'string | undefined' is not assignable to type 'CursorValue | undefined'.
          Type 'string' is not assignable to type 'CursorValue | undefined'.
app/host.tsx(290,87): error TS2769: No overload matches this call.
  Overload 1 of 2, '(props: TextProps): Text', gave the following error.
    Type 'TextStyle | ViewStyle | ImageStyle' is not assignable to type 'StyleProp<TextStyle>'.
      Type 'ViewStyle' is not assignable to type 'StyleProp<TextStyle>'.
        Type 'ViewStyle' is not assignable to type 'TextStyle'.
          Types of property 'userSelect' are incompatible.
            Type 'string | undefined' is not assignable to type '"text" | "auto" | "none" | "contain" | "all" | undefined'.
              Type 'string' is not assignable to type '"text" | "auto" | "none" | "contain" | "all" | undefined'.
  Overload 2 of 2, '(props: TextProps, context: any): Text', gave the following error.
    Type 'TextStyle | ViewStyle | ImageStyle' is not assignable to type 'StyleProp<TextStyle>'.
      Type 'ViewStyle' is not assignable to type 'StyleProp<TextStyle>'.
        Type 'ViewStyle' is not assignable to type 'TextStyle'.
          Types of property 'userSelect' are incompatible.
            Type 'string | undefined' is not assignable to type '"text" | "auto" | "none" | "contain" | "all" | undefined'.
              Type 'string' is not assignable to type '"text" | "auto" | "none" | "contain" | "all" | undefined'.
app/host.tsx(292,17): error TS2769: No overload matches this call.
  Overload 1 of 2, '(props: ViewProps): View', gave the following error.
    Type 'TextStyle | ViewStyle | ImageStyle' is not assignable to type 'StyleProp<ViewStyle>'.
      Type 'TextStyle' is not assignable to type 'StyleProp<ViewStyle>'.
        Type 'TextStyle' is not assignable to type 'ViewStyle'.
          Types of property 'cursor' are incompatible.
            Type 'string | undefined' is not assignable to type 'CursorValue | undefined'.
              Type 'string' is not assignable to type 'CursorValue | undefined'.
  Overload 2 of 2, '(props: ViewProps, context: any): View', gave the following error.
    Type 'TextStyle | ViewStyle | ImageStyle' is not assignable to type 'StyleProp<ViewStyle>'.
      Type 'TextStyle' is not assignable to type 'StyleProp<ViewStyle>'.
        Type 'TextStyle' is not assignable to type 'ViewStyle'.
          Types of property 'cursor' are incompatible.
            Type 'string | undefined' is not assignable to type 'CursorValue | undefined'.
              Type 'string' is not assignable to type 'CursorValue | undefined'.
app/host.tsx(294,41): error TS2322: Type 'TextStyle | ViewStyle | ImageStyle' is not assignable to type 'StyleProp<ViewStyle>'.
  Type 'TextStyle' is not assignable to type 'StyleProp<ViewStyle>'.
    Type 'TextStyle' is not assignable to type 'ViewStyle'.
      Types of property 'cursor' are incompatible.
        Type 'string | undefined' is not assignable to type 'CursorValue | undefined'.
          Type 'string' is not assignable to type 'CursorValue | undefined'.
app/host.tsx(295,23): error TS2769: No overload matches this call.
  Overload 1 of 2, '(props: TextProps): Text', gave the following error.
    Type 'TextStyle | ViewStyle | ImageStyle' is not assignable to type 'StyleProp<TextStyle>'.
      Type 'ViewStyle' is not assignable to type 'StyleProp<TextStyle>'.
        Type 'ViewStyle' is not assignable to type 'TextStyle'.
          Types of property 'userSelect' are incompatible.
            Type 'string | undefined' is not assignable to type '"text" | "auto" | "none" | "contain" | "all" | undefined'.
              Type 'string' is not assignable to type '"text" | "auto" | "none" | "contain" | "all" | undefined'.
  Overload 2 of 2, '(props: TextProps, context: any): Text', gave the following error.
    Type 'TextStyle | ViewStyle | ImageStyle' is not assignable to type 'StyleProp<TextStyle>'.
      Type 'ViewStyle' is not assignable to type 'StyleProp<TextStyle>'.
        Type 'ViewStyle' is not assignable to type 'TextStyle'.
          Types of property 'userSelect' are incompatible.
            Type 'string | undefined' is not assignable to type '"text" | "auto" | "none" | "contain" | "all" | undefined'.
              Type 'string' is not assignable to type '"text" | "auto" | "none" | "contain" | "all" | undefined'.
app/host.tsx(302,15): error TS2769: No overload matches this call.
  Overload 1 of 2, '(props: ViewProps): View', gave the following error.
    Type 'TextStyle | ViewStyle | ImageStyle' is not assignable to type 'StyleProp<ViewStyle>'.
      Type 'TextStyle' is not assignable to type 'StyleProp<ViewStyle>'.
        Type 'TextStyle' is not assignable to type 'ViewStyle'.
          Types of property 'cursor' are incompatible.
            Type 'string | undefined' is not assignable to type 'CursorValue | undefined'.
              Type 'string' is not assignable to type 'CursorValue | undefined'.
  Overload 2 of 2, '(props: ViewProps, context: any): View', gave the following error.
    Type 'TextStyle | ViewStyle | ImageStyle' is not assignable to type 'StyleProp<ViewStyle>'.
      Type 'TextStyle' is not assignable to type 'StyleProp<ViewStyle>'.
        Type 'TextStyle' is not assignable to type 'ViewStyle'.
          Types of property 'cursor' are incompatible.
            Type 'string | undefined' is not assignable to type 'CursorValue | undefined'.
              Type 'string' is not assignable to type 'CursorValue | undefined'.
app/host.tsx(303,17): error TS2769: No overload matches this call.
  Overload 1 of 2, '(props: TextProps): Text', gave the following error.
    Type 'TextStyle | ViewStyle | ImageStyle' is not assignable to type 'StyleProp<TextStyle>'.
      Type 'ViewStyle' is not assignable to type 'StyleProp<TextStyle>'.
        Type 'ViewStyle' is not assignable to type 'TextStyle'.
          Types of property 'userSelect' are incompatible.
            Type 'string | undefined' is not assignable to type '"text" | "auto" | "none" | "contain" | "all" | undefined'.
              Type 'string' is not assignable to type '"text" | "auto" | "none" | "contain" | "all" | undefined'.
  Overload 2 of 2, '(props: TextProps, context: any): Text', gave the following error.
    Type 'TextStyle | ViewStyle | ImageStyle' is not assignable to type 'StyleProp<TextStyle>'.
      Type 'ViewStyle' is not assignable to type 'StyleProp<TextStyle>'.
        Type 'ViewStyle' is not assignable to type 'TextStyle'.
          Types of property 'userSelect' are incompatible.
            Type 'string | undefined' is not assignable to type '"text" | "auto" | "none" | "contain" | "all" | undefined'.
              Type 'string' is not assignable to type '"text" | "auto" | "none" | "contain" | "all" | undefined'.
app/host.tsx(305,342): error TS2322: Type 'TextStyle | ViewStyle | ImageStyle' is not assignable to type 'CSSProperties | undefined'.
  Type 'TextStyle' is not assignable to type 'Properties<string | number, string & {}>'.
    Types of property 'animationDelay' are incompatible.
      Type 'string | number | string[] | number[] | undefined' is not assignable to type 'AnimationDelay<string & {}> | undefined'.
        Type 'number' is not assignable to type 'AnimationDelay<string & {}> | undefined'.
app/host.tsx(308,33): error TS2322: Type 'TextStyle | ViewStyle | ImageStyle' is not assignable to type 'StyleProp<ViewStyle>'.
  Type 'TextStyle' is not assignable to type 'StyleProp<ViewStyle>'.
    Type 'TextStyle' is not assignable to type 'ViewStyle'.
      Types of property 'cursor' are incompatible.
        Type 'string | undefined' is not assignable to type 'CursorValue | undefined'.
          Type 'string' is not assignable to type 'CursorValue | undefined'.
app/host.tsx(309,23): error TS2769: No overload matches this call.
  Overload 1 of 2, '(props: TextProps): Text', gave the following error.
    Type 'TextStyle | ViewStyle | ImageStyle' is not assignable to type 'StyleProp<TextStyle>'.
      Type 'ViewStyle' is not assignable to type 'StyleProp<TextStyle>'.
        Type 'ViewStyle' is not assignable to type 'TextStyle'.
          Types of property 'userSelect' are incompatible.
            Type 'string | undefined' is not assignable to type '"text" | "auto" | "none" | "contain" | "all" | undefined'.
              Type 'string' is not assignable to type '"text" | "auto" | "none" | "contain" | "all" | undefined'.
  Overload 2 of 2, '(props: TextProps, context: any): Text', gave the following error.
    Type 'TextStyle | ViewStyle | ImageStyle' is not assignable to type 'StyleProp<TextStyle>'.
      Type 'ViewStyle' is not assignable to type 'StyleProp<TextStyle>'.
        Type 'ViewStyle' is not assignable to type 'TextStyle'.
          Types of property 'userSelect' are incompatible.
            Type 'string | undefined' is not assignable to type '"text" | "auto" | "none" | "contain" | "all" | undefined'.
              Type 'string' is not assignable to type '"text" | "auto" | "none" | "contain" | "all" | undefined'.
app/host.tsx(317,15): error TS2769: No overload matches this call.
  Overload 1 of 2, '(props: ViewProps): View', gave the following error.
    Type 'TextStyle | ViewStyle | ImageStyle' is not assignable to type 'StyleProp<ViewStyle>'.
      Type 'TextStyle' is not assignable to type 'StyleProp<ViewStyle>'.
        Type 'TextStyle' is not assignable to type 'ViewStyle'.
          Types of property 'cursor' are incompatible.
            Type 'string | undefined' is not assignable to type 'CursorValue | undefined'.
              Type 'string' is not assignable to type 'CursorValue | undefined'.
  Overload 2 of 2, '(props: ViewProps, context: any): View', gave the following error.
    Type 'TextStyle | ViewStyle | ImageStyle' is not assignable to type 'StyleProp<ViewStyle>'.
      Type 'TextStyle' is not assignable to type 'StyleProp<ViewStyle>'.
        Type 'TextStyle' is not assignable to type 'ViewStyle'.
          Types of property 'cursor' are incompatible.
            Type 'string | undefined' is not assignable to type 'CursorValue | undefined'.
              Type 'string' is not assignable to type 'CursorValue | undefined'.
app/host.tsx(319,19): error TS2769: No overload matches this call.
  Overload 1 of 2, '(props: TextProps): Text', gave the following error.
    Type 'TextStyle | ViewStyle | ImageStyle' is not assignable to type 'StyleProp<TextStyle>'.
      Type 'ViewStyle' is not assignable to type 'StyleProp<TextStyle>'.
        Type 'ViewStyle' is not assignable to type 'TextStyle'.
          Types of property 'userSelect' are incompatible.
            Type 'string | undefined' is not assignable to type '"text" | "auto" | "none" | "contain" | "all" | undefined'.
              Type 'string' is not assignable to type '"text" | "auto" | "none" | "contain" | "all" | undefined'.
  Overload 2 of 2, '(props: TextProps, context: any): Text', gave the following error.
    Type 'TextStyle | ViewStyle | ImageStyle' is not assignable to type 'StyleProp<TextStyle>'.
      Type 'ViewStyle' is not assignable to type 'StyleProp<TextStyle>'.
        Type 'ViewStyle' is not assignable to type 'TextStyle'.
          Types of property 'userSelect' are incompatible.
            Type 'string | undefined' is not assignable to type '"text" | "auto" | "none" | "contain" | "all" | undefined'.
              Type 'string' is not assignable to type '"text" | "auto" | "none" | "contain" | "all" | undefined'.
app/host.tsx(321,218): error TS2322: Type 'TextStyle | ViewStyle | ImageStyle' is not assignable to type 'CSSProperties | undefined'.
  Type 'TextStyle' is not assignable to type 'Properties<string | number, string & {}>'.
    Types of property 'animationDelay' are incompatible.
      Type 'string | number | string[] | number[] | undefined' is not assignable to type 'AnimationDelay<string & {}> | undefined'.
        Type 'number' is not assignable to type 'AnimationDelay<string & {}> | undefined'.
app/host.tsx(325,33): error TS2322: Type 'TextStyle | ViewStyle | ImageStyle' is not assignable to type 'StyleProp<ViewStyle>'.
  Type 'TextStyle' is not assignable to type 'StyleProp<ViewStyle>'.
    Type 'TextStyle' is not assignable to type 'ViewStyle'.
      Types of property 'cursor' are incompatible.
        Type 'string | undefined' is not assignable to type 'CursorValue | undefined'.
          Type 'string' is not assignable to type 'CursorValue | undefined'.
app/host.tsx(326,23): error TS2769: No overload matches this call.
  Overload 1 of 2, '(props: TextProps): Text', gave the following error.
    Type 'TextStyle | ViewStyle | ImageStyle' is not assignable to type 'StyleProp<TextStyle>'.
      Type 'ViewStyle' is not assignable to type 'StyleProp<TextStyle>'.
        Type 'ViewStyle' is not assignable to type 'TextStyle'.
          Types of property 'userSelect' are incompatible.
            Type 'string | undefined' is not assignable to type '"text" | "auto" | "none" | "contain" | "all" | undefined'.
              Type 'string' is not assignable to type '"text" | "auto" | "none" | "contain" | "all" | undefined'.
  Overload 2 of 2, '(props: TextProps, context: any): Text', gave the following error.
    Type 'TextStyle | ViewStyle | ImageStyle' is not assignable to type 'StyleProp<TextStyle>'.
      Type 'ViewStyle' is not assignable to type 'StyleProp<TextStyle>'.
        Type 'ViewStyle' is not assignable to type 'TextStyle'.
          Types of property 'userSelect' are incompatible.
            Type 'string | undefined' is not assignable to type '"text" | "auto" | "none" | "contain" | "all" | undefined'.
              Type 'string' is not assignable to type '"text" | "auto" | "none" | "contain" | "all" | undefined'.
app/host.tsx(329,87): error TS2322: Type '{ value: Date; mode: string; minuteInterval: number; display: "default"; minimumDate: Date | undefined; onChange: (e: DateTimePickerEvent, d: Date | undefined) => void; }' is not assignable to type 'IntrinsicAttributes & (Readonly<Readonly<Omit<ViewProps, "children"> & BaseOptions & { maximumDate?: Date | undefined; minimumDate?: Date | undefined; } & { ...; }> & { ...; }> | Readonly<...> | Readonly<...>)'.
  Property 'mode' does not exist on type 'IntrinsicAttributes & Readonly<Readonly<Omit<ViewProps, "children"> & BaseOptions & { maximumDate?: Date | undefined; minimumDate?: Date | undefined; } & { ...; }> & BaseOptions & { ...; } & Readonly<...> & { ...; }>'.
app/host.tsx(333,19): error TS2769: No overload matches this call.
  Overload 1 of 2, '(props: TextProps): Text', gave the following error.
    Type 'TextStyle | ViewStyle | ImageStyle' is not assignable to type 'StyleProp<TextStyle>'.
      Type 'ViewStyle' is not assignable to type 'StyleProp<TextStyle>'.
        Type 'ViewStyle' is not assignable to type 'TextStyle'.
          Types of property 'userSelect' are incompatible.
            Type 'string | undefined' is not assignable to type '"text" | "auto" | "none" | "contain" | "all" | undefined'.
              Type 'string' is not assignable to type '"text" | "auto" | "none" | "contain" | "all" | undefined'.
  Overload 2 of 2, '(props: TextProps, context: any): Text', gave the following error.
    Type 'TextStyle | ViewStyle | ImageStyle' is not assignable to type 'StyleProp<TextStyle>'.
      Type 'ViewStyle' is not assignable to type 'StyleProp<TextStyle>'.
        Type 'ViewStyle' is not assignable to type 'TextStyle'.
          Types of property 'userSelect' are incompatible.
            Type 'string | undefined' is not assignable to type '"text" | "auto" | "none" | "contain" | "all" | undefined'.
              Type 'string' is not assignable to type '"text" | "auto" | "none" | "contain" | "all" | undefined'.
app/host.tsx(335,213): error TS2322: Type 'TextStyle | ViewStyle | ImageStyle' is not assignable to type 'CSSProperties | undefined'.
  Type 'TextStyle' is not assignable to type 'Properties<string | number, string & {}>'.
    Types of property 'animationDelay' are incompatible.
      Type 'string | number | string[] | number[] | undefined' is not assignable to type 'AnimationDelay<string & {}> | undefined'.
        Type 'number' is not assignable to type 'AnimationDelay<string & {}> | undefined'.
app/host.tsx(339,33): error TS2322: Type 'TextStyle | ViewStyle | ImageStyle' is not assignable to type 'StyleProp<ViewStyle>'.
  Type 'TextStyle' is not assignable to type 'StyleProp<ViewStyle>'.
    Type 'TextStyle' is not assignable to type 'ViewStyle'.
      Types of property 'cursor' are incompatible.
        Type 'string | undefined' is not assignable to type 'CursorValue | undefined'.
          Type 'string' is not assignable to type 'CursorValue | undefined'.
app/host.tsx(340,23): error TS2769: No overload matches this call.
  Overload 1 of 2, '(props: TextProps): Text', gave the following error.
    Type 'TextStyle | ViewStyle | ImageStyle' is not assignable to type 'StyleProp<TextStyle>'.
      Type 'ViewStyle' is not assignable to type 'StyleProp<TextStyle>'.
        Type 'ViewStyle' is not assignable to type 'TextStyle'.
          Types of property 'userSelect' are incompatible.
            Type 'string | undefined' is not assignable to type '"text" | "auto" | "none" | "contain" | "all" | undefined'.
              Type 'string' is not assignable to type '"text" | "auto" | "none" | "contain" | "all" | undefined'.
  Overload 2 of 2, '(props: TextProps, context: any): Text', gave the following error.
    Type 'TextStyle | ViewStyle | ImageStyle' is not assignable to type 'StyleProp<TextStyle>'.
      Type 'ViewStyle' is not assignable to type 'StyleProp<TextStyle>'.
        Type 'ViewStyle' is not assignable to type 'TextStyle'.
          Types of property 'userSelect' are incompatible.
            Type 'string | undefined' is not assignable to type '"text" | "auto" | "none" | "contain" | "all" | undefined'.
              Type 'string' is not assignable to type '"text" | "auto" | "none" | "contain" | "all" | undefined'.
app/host.tsx(343,88): error TS2322: Type '{ value: Date; mode: string; minuteInterval: number; display: "default"; minimumDate: Date; onChange: (e: DateTimePickerEvent, d: Date | undefined) => void; }' is not assignable to type 'IntrinsicAttributes & (Readonly<Readonly<Omit<ViewProps, "children"> & BaseOptions & { maximumDate?: Date | undefined; minimumDate?: Date | undefined; } & { ...; }> & { ...; }> | Readonly<...> | Readonly<...>)'.
  Property 'mode' does not exist on type 'IntrinsicAttributes & Readonly<Readonly<Omit<ViewProps, "children"> & BaseOptions & { maximumDate?: Date | undefined; minimumDate?: Date | undefined; } & { ...; }> & BaseOptions & { ...; } & Readonly<...> & { ...; }>'.
app/host.tsx(347,15): error TS2769: No overload matches this call.
  Overload 1 of 2, '(props: TextProps): Text', gave the following error.
    Type 'TextStyle | ViewStyle | ImageStyle' is not assignable to type 'StyleProp<TextStyle>'.
      Type 'ViewStyle' is not assignable to type 'StyleProp<TextStyle>'.
        Type 'ViewStyle' is not assignable to type 'TextStyle'.
          Types of property 'userSelect' are incompatible.
            Type 'string | undefined' is not assignable to type '"text" | "auto" | "none" | "contain" | "all" | undefined'.
              Type 'string' is not assignable to type '"text" | "auto" | "none" | "contain" | "all" | undefined'.
  Overload 2 of 2, '(props: TextProps, context: any): Text', gave the following error.
    Type 'TextStyle | ViewStyle | ImageStyle' is not assignable to type 'StyleProp<TextStyle>'.
      Type 'ViewStyle' is not assignable to type 'StyleProp<TextStyle>'.
        Type 'ViewStyle' is not assignable to type 'TextStyle'.
          Types of property 'userSelect' are incompatible.
            Type 'string | undefined' is not assignable to type '"text" | "auto" | "none" | "contain" | "all" | undefined'.
              Type 'string' is not assignable to type '"text" | "auto" | "none" | "contain" | "all" | undefined'.
app/host.tsx(348,15): error TS2769: No overload matches this call.
  Overload 1 of 2, '(props: ViewProps): View', gave the following error.
    Type 'TextStyle | ViewStyle | ImageStyle' is not assignable to type 'StyleProp<ViewStyle>'.
      Type 'TextStyle' is not assignable to type 'StyleProp<ViewStyle>'.
        Type 'TextStyle' is not assignable to type 'ViewStyle'.
          Types of property 'cursor' are incompatible.
            Type 'string | undefined' is not assignable to type 'CursorValue | undefined'.
              Type 'string' is not assignable to type 'CursorValue | undefined'.
  Overload 2 of 2, '(props: ViewProps, context: any): View', gave the following error.
    Type 'TextStyle | ViewStyle | ImageStyle' is not assignable to type 'StyleProp<ViewStyle>'.
      Type 'TextStyle' is not assignable to type 'StyleProp<ViewStyle>'.
        Type 'TextStyle' is not assignable to type 'ViewStyle'.
          Types of property 'cursor' are incompatible.
            Type 'string | undefined' is not assignable to type 'CursorValue | undefined'.
              Type 'string' is not assignable to type 'CursorValue | undefined'.
app/host.tsx(350,60): error TS2322: Type 'TextStyle | ViewStyle | ImageStyle' is not assignable to type 'Falsy | ViewStyle | RegisteredStyle<ViewStyle> | RecursiveArray<Falsy | ViewStyle | RegisteredStyle<ViewStyle>> | readonly (Falsy | ... 1 more ... | RegisteredStyle<...>)[]'.
  Type 'TextStyle' is not assignable to type 'Falsy | ViewStyle | RegisteredStyle<ViewStyle> | RecursiveArray<Falsy | ViewStyle | RegisteredStyle<ViewStyle>> | readonly (Falsy | ... 1 more ... | RegisteredStyle<...>)[]'.
    Type 'TextStyle' is not assignable to type 'ViewStyle'.
      Types of property 'cursor' are incompatible.
        Type 'string | undefined' is not assignable to type 'CursorValue | undefined'.
          Type 'string' is not assignable to type 'CursorValue | undefined'.
app/host.tsx(350,73): error TS2322: Type 'false | TextStyle | ViewStyle | ImageStyle' is not assignable to type 'Falsy | ViewStyle | RegisteredStyle<ViewStyle> | RecursiveArray<Falsy | ViewStyle | RegisteredStyle<ViewStyle>> | readonly (Falsy | ... 1 more ... | RegisteredStyle<...>)[]'.
  Type 'TextStyle' is not assignable to type 'Falsy | ViewStyle | RegisteredStyle<ViewStyle> | RecursiveArray<Falsy | ViewStyle | RegisteredStyle<ViewStyle>> | readonly (Falsy | ... 1 more ... | RegisteredStyle<...>)[]'.
    Type 'TextStyle' is not assignable to type 'ViewStyle'.
      Types of property 'cursor' are incompatible.
        Type 'string | undefined' is not assignable to type 'CursorValue | undefined'.
          Type 'string' is not assignable to type 'CursorValue | undefined'.
app/host.tsx(351,16): error TS2769: No overload matches this call.
  Overload 2 of 2, '(props: TextProps, context: any): Text', gave the following error.
    Type 'TextStyle | ViewStyle | ImageStyle' is not assignable to type 'Falsy | TextStyle | RegisteredStyle<TextStyle> | RecursiveArray<Falsy | TextStyle | RegisteredStyle<TextStyle>> | readonly (Falsy | ... 1 more ... | RegisteredStyle<...>)[]'.
      Type 'ViewStyle' is not assignable to type 'Falsy | TextStyle | RegisteredStyle<TextStyle> | RecursiveArray<Falsy | TextStyle | RegisteredStyle<TextStyle>> | readonly (Falsy | ... 1 more ... | RegisteredStyle<...>)[]'.
        Type 'ViewStyle' is not assignable to type 'TextStyle'.
          Types of property 'userSelect' are incompatible.
            Type 'string | undefined' is not assignable to type '"text" | "auto" | "none" | "contain" | "all" | undefined'.
              Type 'string' is not assignable to type '"text" | "auto" | "none" | "contain" | "all" | undefined'.
  Overload 2 of 2, '(props: TextProps, context: any): Text', gave the following error.
    Type 'false | TextStyle | ViewStyle | ImageStyle' is not assignable to type 'Falsy | TextStyle | RegisteredStyle<TextStyle> | RecursiveArray<Falsy | TextStyle | RegisteredStyle<TextStyle>> | readonly (Falsy | ... 1 more ... | RegisteredStyle<...>)[]'.
      Type 'ViewStyle' is not assignable to type 'Falsy | TextStyle | RegisteredStyle<TextStyle> | RecursiveArray<Falsy | TextStyle | RegisteredStyle<TextStyle>> | readonly (Falsy | ... 1 more ... | RegisteredStyle<...>)[]'.
        Type 'ViewStyle' is not assignable to type 'TextStyle'.
          Types of property 'userSelect' are incompatible.
            Type 'string | undefined' is not assignable to type '"text" | "auto" | "none" | "contain" | "all" | undefined'.
              Type 'string' is not assignable to type '"text" | "auto" | "none" | "contain" | "all" | undefined'.
app/host.tsx(356,15): error TS2769: No overload matches this call.
  Overload 1 of 2, '(props: TextProps): Text', gave the following error.
    Type 'TextStyle | ViewStyle | ImageStyle' is not assignable to type 'StyleProp<TextStyle>'.
      Type 'ViewStyle' is not assignable to type 'StyleProp<TextStyle>'.
        Type 'ViewStyle' is not assignable to type 'TextStyle'.
          Types of property 'userSelect' are incompatible.
            Type 'string | undefined' is not assignable to type '"text" | "auto" | "none" | "contain" | "all" | undefined'.
              Type 'string' is not assignable to type '"text" | "auto" | "none" | "contain" | "all" | undefined'.
  Overload 2 of 2, '(props: TextProps, context: any): Text', gave the following error.
    Type 'TextStyle | ViewStyle | ImageStyle' is not assignable to type 'StyleProp<TextStyle>'.
      Type 'ViewStyle' is not assignable to type 'StyleProp<TextStyle>'.
        Type 'ViewStyle' is not assignable to type 'TextStyle'.
          Types of property 'userSelect' are incompatible.
            Type 'string | undefined' is not assignable to type '"text" | "auto" | "none" | "contain" | "all" | undefined'.
              Type 'string' is not assignable to type '"text" | "auto" | "none" | "contain" | "all" | undefined'.
app/host.tsx(357,15): error TS2769: No overload matches this call.
  Overload 1 of 2, '(props: ViewProps): View', gave the following error.
    Type 'TextStyle | ViewStyle | ImageStyle' is not assignable to type 'StyleProp<ViewStyle>'.
      Type 'TextStyle' is not assignable to type 'StyleProp<ViewStyle>'.
        Type 'TextStyle' is not assignable to type 'ViewStyle'.
          Types of property 'cursor' are incompatible.
            Type 'string | undefined' is not assignable to type 'CursorValue | undefined'.
              Type 'string' is not assignable to type 'CursorValue | undefined'.
  Overload 2 of 2, '(props: ViewProps, context: any): View', gave the following error.
    Type 'TextStyle | ViewStyle | ImageStyle' is not assignable to type 'StyleProp<ViewStyle>'.
      Type 'TextStyle' is not assignable to type 'StyleProp<ViewStyle>'.
        Type 'TextStyle' is not assignable to type 'ViewStyle'.
          Types of property 'cursor' are incompatible.
            Type 'string | undefined' is not assignable to type 'CursorValue | undefined'.
              Type 'string' is not assignable to type 'CursorValue | undefined'.
app/host.tsx(361,82): error TS2322: Type 'TextStyle | ViewStyle | ImageStyle' is not assignable to type 'Falsy | ViewStyle | RegisteredStyle<ViewStyle> | RecursiveArray<Falsy | ViewStyle | RegisteredStyle<ViewStyle>> | readonly (Falsy | ... 1 more ... | RegisteredStyle<...>)[]'.
  Type 'TextStyle' is not assignable to type 'Falsy | ViewStyle | RegisteredStyle<ViewStyle> | RecursiveArray<Falsy | ViewStyle | RegisteredStyle<ViewStyle>> | readonly (Falsy | ... 1 more ... | RegisteredStyle<...>)[]'.
    Type 'TextStyle' is not assignable to type 'ViewStyle'.
      Types of property 'cursor' are incompatible.
        Type 'string | undefined' is not assignable to type 'CursorValue | undefined'.
          Type 'string' is not assignable to type 'CursorValue | undefined'.
app/host.tsx(361,95): error TS2322: Type 'false | TextStyle | ViewStyle | ImageStyle' is not assignable to type 'Falsy | ViewStyle | RegisteredStyle<ViewStyle> | RecursiveArray<Falsy | ViewStyle | RegisteredStyle<ViewStyle>> | readonly (Falsy | ... 1 more ... | RegisteredStyle<...>)[]'.
  Type 'TextStyle' is not assignable to type 'Falsy | ViewStyle | RegisteredStyle<ViewStyle> | RecursiveArray<Falsy | ViewStyle | RegisteredStyle<ViewStyle>> | readonly (Falsy | ... 1 more ... | RegisteredStyle<...>)[]'.
    Type 'TextStyle' is not assignable to type 'ViewStyle'.
      Types of property 'cursor' are incompatible.
        Type 'string | undefined' is not assignable to type 'CursorValue | undefined'.
          Type 'string' is not assignable to type 'CursorValue | undefined'.
app/host.tsx(362,18): error TS2769: No overload matches this call.
  Overload 2 of 2, '(props: TextProps, context: any): Text', gave the following error.
    Type 'TextStyle | ViewStyle | ImageStyle' is not assignable to type 'Falsy | TextStyle | RegisteredStyle<TextStyle> | RecursiveArray<Falsy | TextStyle | RegisteredStyle<TextStyle>> | readonly (Falsy | ... 1 more ... | RegisteredStyle<...>)[]'.
      Type 'ViewStyle' is not assignable to type 'Falsy | TextStyle | RegisteredStyle<TextStyle> | RecursiveArray<Falsy | TextStyle | RegisteredStyle<TextStyle>> | readonly (Falsy | ... 1 more ... | RegisteredStyle<...>)[]'.
        Type 'ViewStyle' is not assignable to type 'TextStyle'.
          Types of property 'userSelect' are incompatible.
            Type 'string | undefined' is not assignable to type '"text" | "auto" | "none" | "contain" | "all" | undefined'.
              Type 'string' is not assignable to type '"text" | "auto" | "none" | "contain" | "all" | undefined'.
  Overload 2 of 2, '(props: TextProps, context: any): Text', gave the following error.
    Type 'false | TextStyle | ViewStyle | ImageStyle' is not assignable to type 'Falsy | TextStyle | RegisteredStyle<TextStyle> | RecursiveArray<Falsy | TextStyle | RegisteredStyle<TextStyle>> | readonly (Falsy | ... 1 more ... | RegisteredStyle<...>)[]'.
      Type 'ViewStyle' is not assignable to type 'Falsy | TextStyle | RegisteredStyle<TextStyle> | RecursiveArray<Falsy | TextStyle | RegisteredStyle<TextStyle>> | readonly (Falsy | ... 1 more ... | RegisteredStyle<...>)[]'.
        Type 'ViewStyle' is not assignable to type 'TextStyle'.
          Types of property 'userSelect' are incompatible.
            Type 'string | undefined' is not assignable to type '"text" | "auto" | "none" | "contain" | "all" | undefined'.
              Type 'string' is not assignable to type '"text" | "auto" | "none" | "contain" | "all" | undefined'.
app/host.tsx(368,15): error TS2769: No overload matches this call.
  Overload 1 of 2, '(props: ViewProps): View', gave the following error.
    Type 'TextStyle | ViewStyle | ImageStyle' is not assignable to type 'StyleProp<ViewStyle>'.
      Type 'TextStyle' is not assignable to type 'StyleProp<ViewStyle>'.
        Type 'TextStyle' is not assignable to type 'ViewStyle'.
          Types of property 'cursor' are incompatible.
            Type 'string | undefined' is not assignable to type 'CursorValue | undefined'.
              Type 'string' is not assignable to type 'CursorValue | undefined'.
  Overload 2 of 2, '(props: ViewProps, context: any): View', gave the following error.
    Type 'TextStyle | ViewStyle | ImageStyle' is not assignable to type 'StyleProp<ViewStyle>'.
      Type 'TextStyle' is not assignable to type 'StyleProp<ViewStyle>'.
        Type 'TextStyle' is not assignable to type 'ViewStyle'.
          Types of property 'cursor' are incompatible.
            Type 'string | undefined' is not assignable to type 'CursorValue | undefined'.
              Type 'string' is not assignable to type 'CursorValue | undefined'.
app/host.tsx(370,19): error TS2769: No overload matches this call.
  Overload 1 of 2, '(props: TextProps): Text', gave the following error.
    Type 'TextStyle | ViewStyle | ImageStyle' is not assignable to type 'StyleProp<TextStyle>'.
      Type 'ViewStyle' is not assignable to type 'StyleProp<TextStyle>'.
        Type 'ViewStyle' is not assignable to type 'TextStyle'.
          Types of property 'userSelect' are incompatible.
            Type 'string | undefined' is not assignable to type '"text" | "auto" | "none" | "contain" | "all" | undefined'.
              Type 'string' is not assignable to type '"text" | "auto" | "none" | "contain" | "all" | undefined'.
  Overload 2 of 2, '(props: TextProps, context: any): Text', gave the following error.
    Type 'TextStyle | ViewStyle | ImageStyle' is not assignable to type 'StyleProp<TextStyle>'.
      Type 'ViewStyle' is not assignable to type 'StyleProp<TextStyle>'.
        Type 'ViewStyle' is not assignable to type 'TextStyle'.
          Types of property 'userSelect' are incompatible.
            Type 'string | undefined' is not assignable to type '"text" | "auto" | "none" | "contain" | "all" | undefined'.
              Type 'string' is not assignable to type '"text" | "auto" | "none" | "contain" | "all" | undefined'.
app/host.tsx(371,24): error TS2769: No overload matches this call.
  Overload 1 of 2, '(props: TextInputProps): TextInput', gave the following error.
    Type 'TextStyle | ViewStyle | ImageStyle' is not assignable to type 'StyleProp<TextStyle>'.
      Type 'ViewStyle' is not assignable to type 'StyleProp<TextStyle>'.
        Type 'ViewStyle' is not assignable to type 'TextStyle'.
          Types of property 'userSelect' are incompatible.
            Type 'string | undefined' is not assignable to type '"text" | "auto" | "none" | "contain" | "all" | undefined'.
              Type 'string' is not assignable to type '"text" | "auto" | "none" | "contain" | "all" | undefined'.
  Overload 2 of 2, '(props: TextInputProps, context: any): TextInput', gave the following error.
    Type 'TextStyle | ViewStyle | ImageStyle' is not assignable to type 'StyleProp<TextStyle>'.
      Type 'ViewStyle' is not assignable to type 'StyleProp<TextStyle>'.
        Type 'ViewStyle' is not assignable to type 'TextStyle'.
          Types of property 'userSelect' are incompatible.
            Type 'string | undefined' is not assignable to type '"text" | "auto" | "none" | "contain" | "all" | undefined'.
              Type 'string' is not assignable to type '"text" | "auto" | "none" | "contain" | "all" | undefined'.
app/host.tsx(375,21): error TS2769: No overload matches this call.
  Overload 1 of 2, '(props: TextProps): Text', gave the following error.
    Type 'TextStyle | ViewStyle | ImageStyle' is not assignable to type 'StyleProp<TextStyle>'.
      Type 'ViewStyle' is not assignable to type 'StyleProp<TextStyle>'.
        Type 'ViewStyle' is not assignable to type 'TextStyle'.
          Types of property 'userSelect' are incompatible.
            Type 'string | undefined' is not assignable to type '"text" | "auto" | "none" | "contain" | "all" | undefined'.
              Type 'string' is not assignable to type '"text" | "auto" | "none" | "contain" | "all" | undefined'.
  Overload 2 of 2, '(props: TextProps, context: any): Text', gave the following error.
    Type 'TextStyle | ViewStyle | ImageStyle' is not assignable to type 'StyleProp<TextStyle>'.
      Type 'ViewStyle' is not assignable to type 'StyleProp<TextStyle>'.
        Type 'ViewStyle' is not assignable to type 'TextStyle'.
          Types of property 'userSelect' are incompatible.
            Type 'string | undefined' is not assignable to type '"text" | "auto" | "none" | "contain" | "all" | undefined'.
              Type 'string' is not assignable to type '"text" | "auto" | "none" | "contain" | "all" | undefined'.
app/host.tsx(376,26): error TS2769: No overload matches this call.
  Overload 1 of 2, '(props: TextInputProps): TextInput', gave the following error.
    Type 'TextStyle | ViewStyle | ImageStyle' is not assignable to type 'StyleProp<TextStyle>'.
      Type 'ViewStyle' is not assignable to type 'StyleProp<TextStyle>'.
        Type 'ViewStyle' is not assignable to type 'TextStyle'.
          Types of property 'userSelect' are incompatible.
            Type 'string | undefined' is not assignable to type '"text" | "auto" | "none" | "contain" | "all" | undefined'.
              Type 'string' is not assignable to type '"text" | "auto" | "none" | "contain" | "all" | undefined'.
  Overload 2 of 2, '(props: TextInputProps, context: any): TextInput', gave the following error.
    Type 'TextStyle | ViewStyle | ImageStyle' is not assignable to type 'StyleProp<TextStyle>'.
      Type 'ViewStyle' is not assignable to type 'StyleProp<TextStyle>'.
        Type 'ViewStyle' is not assignable to type 'TextStyle'.
          Types of property 'userSelect' are incompatible.
            Type 'string | undefined' is not assignable to type '"text" | "auto" | "none" | "contain" | "all" | undefined'.
              Type 'string' is not assignable to type '"text" | "auto" | "none" | "contain" | "all" | undefined'.
app/host.tsx(382,17): error TS2769: No overload matches this call.
  Overload 1 of 2, '(props: ViewProps): View', gave the following error.
    Type 'TextStyle | ViewStyle | ImageStyle' is not assignable to type 'StyleProp<ViewStyle>'.
      Type 'TextStyle' is not assignable to type 'StyleProp<ViewStyle>'.
        Type 'TextStyle' is not assignable to type 'ViewStyle'.
          Types of property 'cursor' are incompatible.
            Type 'string | undefined' is not assignable to type 'CursorValue | undefined'.
              Type 'string' is not assignable to type 'CursorValue | undefined'.
  Overload 2 of 2, '(props: ViewProps, context: any): View', gave the following error.
    Type 'TextStyle | ViewStyle | ImageStyle' is not assignable to type 'StyleProp<ViewStyle>'.
      Type 'TextStyle' is not assignable to type 'StyleProp<ViewStyle>'.
        Type 'TextStyle' is not assignable to type 'ViewStyle'.
          Types of property 'cursor' are incompatible.
            Type 'string | undefined' is not assignable to type 'CursorValue | undefined'.
              Type 'string' is not assignable to type 'CursorValue | undefined'.
app/host.tsx(383,19): error TS2769: No overload matches this call.
  Overload 1 of 2, '(props: TextProps): Text', gave the following error.
    Type 'TextStyle | ViewStyle | ImageStyle' is not assignable to type 'StyleProp<TextStyle>'.
      Type 'ViewStyle' is not assignable to type 'StyleProp<TextStyle>'.
        Type 'ViewStyle' is not assignable to type 'TextStyle'.
          Types of property 'userSelect' are incompatible.
            Type 'string | undefined' is not assignable to type '"text" | "auto" | "none" | "contain" | "all" | undefined'.
              Type 'string' is not assignable to type '"text" | "auto" | "none" | "contain" | "all" | undefined'.
  Overload 2 of 2, '(props: TextProps, context: any): Text', gave the following error.
    Type 'TextStyle | ViewStyle | ImageStyle' is not assignable to type 'StyleProp<TextStyle>'.
      Type 'ViewStyle' is not assignable to type 'StyleProp<TextStyle>'.
        Type 'ViewStyle' is not assignable to type 'TextStyle'.
          Types of property 'userSelect' are incompatible.
            Type 'string | undefined' is not assignable to type '"text" | "auto" | "none" | "contain" | "all" | undefined'.
              Type 'string' is not assignable to type '"text" | "auto" | "none" | "contain" | "all" | undefined'.
app/host.tsx(389,27): error TS2322: Type 'TextStyle | ViewStyle | ImageStyle' is not assignable to type 'StyleProp<ViewStyle>'.
  Type 'TextStyle' is not assignable to type 'StyleProp<ViewStyle>'.
    Type 'TextStyle' is not assignable to type 'ViewStyle'.
      Types of property 'cursor' are incompatible.
        Type 'string | undefined' is not assignable to type 'CursorValue | undefined'.
          Type 'string' is not assignable to type 'CursorValue | undefined'.
app/host.tsx(390,17): error TS2769: No overload matches this call.
  Overload 1 of 2, '(props: TextProps): Text', gave the following error.
    Type 'TextStyle | ViewStyle | ImageStyle' is not assignable to type 'StyleProp<TextStyle>'.
      Type 'ViewStyle' is not assignable to type 'StyleProp<TextStyle>'.
        Type 'ViewStyle' is not assignable to type 'TextStyle'.
          Types of property 'userSelect' are incompatible.
            Type 'string | undefined' is not assignable to type '"text" | "auto" | "none" | "contain" | "all" | undefined'.
              Type 'string' is not assignable to type '"text" | "auto" | "none" | "contain" | "all" | undefined'.
  Overload 2 of 2, '(props: TextProps, context: any): Text', gave the following error.
    Type 'TextStyle | ViewStyle | ImageStyle' is not assignable to type 'StyleProp<TextStyle>'.
      Type 'ViewStyle' is not assignable to type 'StyleProp<TextStyle>'.
        Type 'ViewStyle' is not assignable to type 'TextStyle'.
          Types of property 'userSelect' are incompatible.
            Type 'string | undefined' is not assignable to type '"text" | "auto" | "none" | "contain" | "all" | undefined'.
              Type 'string' is not assignable to type '"text" | "auto" | "none" | "contain" | "all" | undefined'.
app/host.tsx(410,24): error TS2322: Type '"14px"' is not assignable to type 'DimensionValue | undefined'.
app/host.tsx(410,174): error TS2322: Type 'string' is not assignable to type 'number'.
app/host.tsx(410,192): error TS2322: Type '"none"' is not assignable to type '"solid" | "dotted" | "dashed" | undefined'.
app/login.tsx(25,9): error TS2322: Type 'string | string[]' is not assignable to type 'RelativePathString | ExternalPathString | "/filter" | "/host" | "/login" | "/modal" | "/profile" | "/settings" | "/_sitemap" | "/(tabs)" | ... 10 more ... | "/review/[id]"'.
  Type 'string' is not assignable to type 'RelativePathString | ExternalPathString | "/filter" | "/host" | "/login" | "/modal" | "/profile" | "/settings" | "/_sitemap" | "/(tabs)" | ... 10 more ... | "/review/[id]"'.
app/login.tsx(66,43): error TS18046: 'error' is of type 'unknown'.
app/profile.tsx(22,28): error TS2345: Argument of type 'DocumentData' is not assignable to parameter of type 'SetStateAction<null>'.
  Type 'DocumentData' provides no match for the signature '(prevState: null): null'.
app/profile.tsx(44,29): error TS2339: Property 'title' does not exist on type '{ container: { flex: number; backgroundColor: string; padding: number; }; headerTitle: { fontSize: number; fontWeight: "bold"; marginBottom: number; marginTop: number; }; profileCard: { backgroundColor: string; ... 7 more ...; elevation: number; }; ... 8 more ...; backButton: { ...; }; }'.
app/profile.tsx(45,29): error TS2339: Property 'subtitle' does not exist on type '{ container: { flex: number; backgroundColor: string; padding: number; }; headerTitle: { fontSize: number; fontWeight: "bold"; marginBottom: number; marginTop: number; }; profileCard: { backgroundColor: string; ... 7 more ...; elevation: number; }; ... 8 more ...; backButton: { ...; }; }'.
app/profile.tsx(58,56): error TS2339: Property 'username' does not exist on type 'never'.
app/profile.tsx(60,52): error TS2339: Property 'username' does not exist on type 'never'.
app/profile.tsx(61,49): error TS2339: Property 'email' does not exist on type 'never'.
app/profile.tsx(68,29): error TS2339: Property 'credits' does not exist on type 'never'.
app/profile.tsx(75,55): error TS2339: Property 'claimedSkill' does not exist on type 'never'.
app/profile.tsx(81,64): error TS2339: Property 'verifiedSkill' does not exist on type 'never'.
app/profile.tsx(82,26): error TS2339: Property 'verifiedSkill' does not exist on type 'never'.
app/profile.tsx(89,64): error TS2339: Property 'reliabilityScore' does not exist on type 'never'.
app/profile.tsx(90,26): error TS2339: Property 'reliabilityScore' does not exist on type 'never'.
app/profile.tsx(96,55): error TS2339: Property 'gamesPlayed' does not exist on type 'never'.
app/review/[id].tsx(18,37): error TS2769: No overload matches this call.
  Overload 1 of 3, '(firestore: Firestore, path: string, ...pathSegments: string[]): DocumentReference<DocumentData, DocumentData>', gave the following error.
    Argument of type 'string | string[]' is not assignable to parameter of type 'string'.
      Type 'string[]' is not assignable to type 'string'.
  Overload 2 of 3, '(reference: CollectionReference<unknown, DocumentData>, path?: string | undefined, ...pathSegments: string[]): DocumentReference<unknown, DocumentData>', gave the following error.
    Argument of type 'Firestore' is not assignable to parameter of type 'CollectionReference<unknown, DocumentData>'.
      Type 'Firestore' is missing the following properties from type 'CollectionReference<unknown, DocumentData>': id, path, parent, withConverter, and 2 more.
  Overload 3 of 3, '(reference: DocumentReference<unknown, DocumentData>, path: string, ...pathSegments: string[]): DocumentReference<DocumentData, DocumentData>', gave the following error.
    Argument of type 'Firestore' is not assignable to parameter of type 'DocumentReference<unknown, DocumentData>'.
      Type 'Firestore' is missing the following properties from type 'DocumentReference<unknown, DocumentData>': converter, firestore, id, path, and 2 more.
app/review/[id].tsx(22,62): error TS7006: Parameter 'p' implicitly has an 'any' type.
app/review/[id].tsx(30,23): error TS7006: Parameter 'userId' implicitly has an 'any' type.
app/review/[id].tsx(30,31): error TS7006: Parameter 'rating' implicitly has an 'any' type.
app/review/[id].tsx(58,27): error TS2339: Property 'uid' does not exist on type 'never'.
app/review/[id].tsx(59,51): error TS2339: Property 'username' does not exist on type 'never'.
app/review/[id].tsx(63,39): error TS7053: Element implicitly has an 'any' type because expression of type 'any' can't be used to index type '{}'.
app/review/[id].tsx(63,52): error TS2339: Property 'uid' does not exist on type 'never'.
app/review/[id].tsx(64,48): error TS2339: Property 'uid' does not exist on type 'never'.
app/review/[id].tsx(66,46): error TS7053: Element implicitly has an 'any' type because expression of type 'any' can't be used to index type '{}'.
app/review/[id].tsx(66,59): error TS2339: Property 'uid' does not exist on type 'never'.
app/review/[id].tsx(70,39): error TS7053: Element implicitly has an 'any' type because expression of type 'any' can't be used to index type '{}'.
app/review/[id].tsx(70,52): error TS2339: Property 'uid' does not exist on type 'never'.
app/review/[id].tsx(71,48): error TS2339: Property 'uid' does not exist on type 'never'.
app/review/[id].tsx(73,46): error TS7053: Element implicitly has an 'any' type because expression of type 'any' can't be used to index type '{}'.
app/review/[id].tsx(73,59): error TS2339: Property 'uid' does not exist on type 'never'.
app/review/[id].tsx(77,39): error TS7053: Element implicitly has an 'any' type because expression of type 'any' can't be used to index type '{}'.
app/review/[id].tsx(77,52): error TS2339: Property 'uid' does not exist on type 'never'.
app/review/[id].tsx(78,48): error TS2339: Property 'uid' does not exist on type 'never'.
app/review/[id].tsx(80,46): error TS7053: Element implicitly has an 'any' type because expression of type 'any' can't be used to index type '{}'.
app/review/[id].tsx(80,59): error TS2339: Property 'uid' does not exist on type 'never'.
app/settings.tsx(17,26): error TS2305: Module '"@/hooks/use-color-scheme"' has no exported member 'useTheme'.
app/settings.tsx(22,35): error TS2322: Type 'Promise<{ shouldShowAlert: true; shouldPlaySound: true; shouldSetBadge: false; }>' is not assignable to type 'Promise<NotificationBehavior>'.
  Type '{ shouldShowAlert: true; shouldPlaySound: true; shouldSetBadge: false; }' is missing the following properties from type 'NotificationBehavior': shouldShowBanner, shouldShowList
app/settings.tsx(41,48): error TS2367: This comparison appears to be unintentional because the types '{ text: string; textMuted: string; background: string; surface: string; tint: string; icon: string; tabIconDefault: string; tabIconSelected: string; primary: string; success: string; warning: string; error: string; border: string; } | { ...; }' and 'string' have no overlap.
app/settings.tsx(55,26): error TS2345: Argument of type 'DocumentData' is not assignable to parameter of type 'SetStateAction<null>'.
  Type 'DocumentData' provides no match for the signature '(prevState: null): null'.
app/settings.tsx(70,26): error TS2345: Argument of type '{ username: string; email: string | null; bio: string; pushEnabled: boolean; credits: number; createdAt: Date; }' is not assignable to parameter of type 'SetStateAction<null>'.
  Type '{ username: string; email: string | null; bio: string; pushEnabled: boolean; credits: number; createdAt: Date; }' provides no match for the signature '(prevState: null): null'.
app/settings.tsx(71,11): error TS2304: Cannot find name 'setEditName'.
app/settings.tsx(95,35): error TS7006: Parameter 'value' implicitly has an 'any' type.
app/settings.tsx(150,96): error TS18047: 'auth.currentUser' is possibly 'null'.
app/settings.tsx(150,96): error TS2345: Argument of type 'string | null' is not assignable to parameter of type 'string'.
  Type 'null' is not assignable to type 'string'.
components/GameCard.tsx(11,36): error TS7031: Binding element 'id' implicitly has an 'any' type.
components/GameCard.tsx(11,40): error TS7031: Binding element 'location' implicitly has an 'any' type.
components/GameCard.tsx(11,50): error TS7031: Binding element 'courts' implicitly has an 'any' type.
components/GameCard.tsx(11,58): error TS7031: Binding element 'dateString' implicitly has an 'any' type.
components/GameCard.tsx(11,70): error TS7031: Binding element 'startTimeString' implicitly has an 'any' type.
components/GameCard.tsx(11,87): error TS7031: Binding element 'endTimeString' implicitly has an 'any' type.
components/GameCard.tsx(11,102): error TS7031: Binding element 'level' implicitly has an 'any' type.
components/GameCard.tsx(11,109): error TS7031: Binding element 'slots' implicitly has an 'any' type.
components/GameCard.tsx(11,116): error TS7031: Binding element 'price' implicitly has an 'any' type.
components/GameCard.tsx(11,123): error TS7031: Binding element 'host' implicitly has an 'any' type.
components/GameCard.tsx(11,129): error TS7031: Binding element 'hostId' implicitly has an 'any' type.
components/GameCard.tsx(11,137): error TS7031: Binding element 'gameType' implicitly has an 'any' type.
components/GameCard.tsx(11,147): error TS7031: Binding element 'playersJoinedCount' implicitly has an 'any' type.
